Component: ARM Compiler 5.06 update 7 (build 960) Tool: armlink [4d3601]

==============================================================================

Section Cross References

    startup_gd32f450_470.o(RESET) refers to startup_gd32f450_470.o(STACK) for __initial_sp
    startup_gd32f450_470.o(RESET) refers to startup_gd32f450_470.o(.text) for Reset_Handler
    startup_gd32f450_470.o(RESET) refers to gd32f4xx_it.o(i.NMI_Handler) for NMI_Handler
    startup_gd32f450_470.o(RESET) refers to gd32f4xx_it.o(i.HardFault_Handler) for HardFault_Handler
    startup_gd32f450_470.o(RESET) refers to gd32f4xx_it.o(i.MemManage_Handler) for MemManage_Handler
    startup_gd32f450_470.o(RESET) refers to gd32f4xx_it.o(i.BusFault_Handler) for BusFault_Handler
    startup_gd32f450_470.o(RESET) refers to gd32f4xx_it.o(i.UsageFault_Handler) for UsageFault_Handler
    startup_gd32f450_470.o(RESET) refers to gd32f4xx_it.o(i.SVC_Handler) for SVC_Handler
    startup_gd32f450_470.o(RESET) refers to gd32f4xx_it.o(i.DebugMon_Handler) for DebugMon_Handler
    startup_gd32f450_470.o(RESET) refers to gd32f4xx_it.o(i.PendSV_Handler) for PendSV_Handler
    startup_gd32f450_470.o(RESET) refers to gd32f4xx_it.o(i.SysTick_Handler) for SysTick_Handler
    startup_gd32f450_470.o(RESET) refers to bsp_timers.o(i.TIMER1_IRQHandler) for TIMER1_IRQHandler
    startup_gd32f450_470.o(RESET) refers to bsp_timers.o(i.TIMER2_IRQHandler) for TIMER2_IRQHandler
    startup_gd32f450_470.o(RESET) refers to bsp_timers.o(i.TIMER3_IRQHandler) for TIMER3_IRQHandler
    startup_gd32f450_470.o(RESET) refers to bsp_timers.o(i.TIMER4_IRQHandler) for TIMER4_IRQHandler
    startup_gd32f450_470.o(RESET) refers to bsp_timers.o(i.TIMER5_DAC_IRQHandler) for TIMER5_DAC_IRQHandler
    startup_gd32f450_470.o(RESET) refers to bsp_timers.o(i.TIMER6_IRQHandler) for TIMER6_IRQHandler
    startup_gd32f450_470.o(RESET) refers to bsp_spi_bus.o(i.DMA1_Channel2_IRQHandler) for DMA1_Channel2_IRQHandler
    startup_gd32f450_470.o(RESET) refers to bsp_spi_bus.o(i.DMA1_Channel3_IRQHandler) for DMA1_Channel3_IRQHandler
    startup_gd32f450_470.o(.text) refers to system_gd32f4xx.o(i.SystemInit) for SystemInit
    startup_gd32f450_470.o(.text) refers to entry.o(.ARM.Collect$$$$00000000) for __main
    main.o(i.DeviceRstReason) refers to gd32f4xx_rcu.o(i.rcu_flag_get) for rcu_flag_get
    main.o(i.DeviceRstReason) refers to printf8.o(i.__0printf$8) for __2printf
    main.o(i.DeviceRstReason) refers to gd32f4xx_rcu.o(i.rcu_all_reset_flag_clear) for rcu_all_reset_flag_clear
    main.o(i.PrintfLogo) refers to printf8.o(i.__0printf$8) for __2printf
    main.o(i.PrintfLogo) refers to gd32f4xx_rcu.o(i.rcu_clock_freq_get) for rcu_clock_freq_get
    main.o(i.PrintfLogo) refers to system_gd32f4xx.o(i.gd32f4xx_firmware_version_get) for gd32f4xx_firmware_version_get
    main.o(i.PrintfLogo) refers to system_gd32f4xx.o(.data) for SystemCoreClock
    main.o(i.led_show_control) refers to bsp_led.o(i.led_all_on) for led_all_on
    main.o(i.led_show_control) refers to bsp_led.o(i.led_all_off) for led_all_off
    main.o(i.led_show_control) refers to main.o(.data) for flag
    main.o(i.main) refers to main.o(i.system_setup_function) for system_setup_function
    main.o(i.main) refers to bsp_fwdgt.o(i.bsp_InitFwdgt) for bsp_InitFwdgt
    main.o(i.main) refers to bsp_core_dwt.o(i.bsp_Init_DWT) for bsp_Init_DWT
    main.o(i.main) refers to bsp_led.o(i.bsp_InitLed) for bsp_InitLed
    main.o(i.main) refers to bsp_debug.o(i.bsp_InitDebug) for bsp_InitDebug
    main.o(i.main) refers to bsp_timers.o(i.bsp_InitTimers) for bsp_InitTimers
    main.o(i.main) refers to bsp_spi_bus.o(i.bsp_InitSPIBus) for bsp_InitSPIBus
    main.o(i.main) refers to bsp_spi_flash.o(i.bsp_InitSFlash) for bsp_InitSFlash
    main.o(i.main) refers to main.o(i.PrintfLogo) for PrintfLogo
    main.o(i.main) refers to main.o(i.DeviceRstReason) for DeviceRstReason
    main.o(i.main) refers to main.o(i.update_check_function) for update_check_function
    main.o(i.main) refers to printf8.o(i.__0printf$8) for __2printf
    main.o(i.main) refers to delay.o(i.delay_ms) for delay_ms
    main.o(i.read_boot_update_param) refers to bsp_spi_flash.o(i.sf_ReadBuffer) for sf_ReadBuffer
    main.o(i.read_boot_update_param) refers to bsp_spi_flash.o(.bss) for g_tSF
    main.o(i.system_setup_function) refers to sys.o(i.sys_nvic_set_vector_table) for sys_nvic_set_vector_table
    main.o(i.system_setup_function) refers to systick.o(i.systick_config) for systick_config
    main.o(i.system_setup_function) refers to delay.o(i.delay_init) for delay_init
    main.o(i.system_setup_function) refers to gd32f4xx_misc.o(i.nvic_priority_group_set) for nvic_priority_group_set
    main.o(i.update_check_function) refers to bsp_fwdgt.o(i.FeedFwdgt) for FeedFwdgt
    main.o(i.update_check_function) refers to delay.o(i.delay_ms) for delay_ms
    main.o(i.update_check_function) refers to gd32f4xx_gpio.o(i.gpio_input_bit_get) for gpio_input_bit_get
[...]
    Removing gd32f4xx_fwdgt.o(i.fwdgt_config), (112 bytes).
    Removing gd32f4xx_fwdgt.o(i.fwdgt_counter_reload), (16 bytes).
    Removing gd32f4xx_fwdgt.o(i.fwdgt_enable), (16 bytes).
    Removing gd32f4xx_fwdgt.o(i.fwdgt_flag_get), (20 bytes).
    Removing gd32f4xx_fwdgt.o(i.fwdgt_prescaler_value_config), (56 bytes).
    Removing gd32f4xx_fwdgt.o(i.fwdgt_reload_value_config), (56 bytes).
    Removing gd32f4xx_fwdgt.o(i.fwdgt_write_disable), (12 bytes).
    Removing gd32f4xx_fwdgt.o(i.fwdgt_write_enable), (16 bytes).
    Removing bsp_core_dwt.o(.rev16_text), (4 bytes).
    Removing bsp_core_dwt.o(.revsh_text), (4 bytes).
    Removing bsp_core_dwt.o(i.dwt_delay_ms), (18 bytes).
    Removing bsp_core_dwt.o(i.dwt_delay_us), (48 bytes).
    Removing bsp_led.o(.rev16_text), (4 bytes).
    Removing bsp_led.o(.revsh_text), (4 bytes).
    Removing bsp_led.o(i.led_control_function), (88 bytes).
    Removing bsp_led.o(i.led_flicker_control_timer_function), (152 bytes).
    Removing bsp_led.o(i.led_out_control_function), (2 bytes).
    Removing bsp_led.o(i.led_test), (48 bytes).
    Removing bsp_led.o(.data), (10 bytes).
    Removing bsp_cpu_flash.o(.rev16_text), (4 bytes).
    Removing bsp_cpu_flash.o(.revsh_text), (4 bytes).
    Removing bsp_cpu_flash.o(i.bsp_EraseCpuFlash), (84 bytes).
    Removing bsp_cpu_flash.o(i.bsp_ReadCpuFlash), (44 bytes).
    Removing bsp_cpu_flash.o(i.bsp_WriteCpuFlash_Save), (80 bytes).
    Removing bsp_cpu_flash.o(i.flash_test), (316 bytes).
    Removing bsp_cpu_flash.o(.bss), (2048 bytes).
    Removing bsp_fwdgt.o(.rev16_text), (4 bytes).
    Removing bsp_fwdgt.o(.revsh_text), (4 bytes).
    Removing bsp_fwdgt.o(i.fwdgt_test), (44 bytes).
    Removing bsp_spi_bus.o(.rev16_text), (4 bytes).
    Removing bsp_spi_bus.o(.revsh_text), (4 bytes).
    Removing bsp_spi_bus.o(i.bsp_SpiBusBusy), (12 bytes).
    Removing bsp_spi_bus.o(i.bsp_spiTransfer_Byte), (84 bytes).
    Removing bsp_spi_flash.o(.rev16_text), (4 bytes).
    Removing bsp_spi_flash.o(.revsh_text), (4 bytes).
    Removing bsp_spi_flash.o(i.sf_EraseChip), (60 bytes).
    Removing bsp_timers.o(.rev16_text), (4 bytes).
    Removing bsp_timers.o(.revsh_text), (4 bytes).
    Removing bsp_timers.o(i.HAL_GetTick), (12 bytes).
    Removing bsp_timers.o(i.bsp_RCC_TIM_Disable), (324 bytes).
    Removing bsp_key.o(.rev16_text), (4 bytes).
    Removing bsp_key.o(.revsh_text), (4 bytes).
    Removing bsp_key.o(i.bsp_InitKey), (28 bytes).
    Removing bsp_key.o(i.key_test), (52 bytes).
    Removing bsp_debug.o(.rev16_text), (4 bytes).
    Removing bsp_debug.o(.revsh_text), (4 bytes).
    Removing bsp_debug.o(i.debug_send_char), (32 bytes).
    Removing bsp_debug.o(i.debug_send_str), (28 bytes).
    Removing bsp_debug.o(i.debug_test), (36 bytes).
    Removing bsp_debug.o(i.fgetc), (32 bytes).
    Removing malloc.o(.rev16_text), (4 bytes).
    Removing malloc.o(.revsh_text), (4 bytes).
    Removing malloc.o(i.myfree_sramin), (14 bytes).
    Removing malloc.o(i.mymalloc_sramin), (14 bytes).
    Removing malloc.o(i.mymemcpy), (26 bytes).
    Removing malloc.o(i.myrealloc), (68 bytes).
    Removing dadd.o(.text), (334 bytes).
    Removing dmul.o(.text), (228 bytes).
    Removing ddiv.o(.text), (222 bytes).
    Removing dfixul.o(.text), (48 bytes).
    Removing cdrcmple.o(.text), (48 bytes).
    Removing depilogue.o(.text), (186 bytes).

691 unused section(s) (total 49444 bytes) removed from the image.

==============================================================================

Image Symbol Table

    Local Symbols

    Symbol Name                              Value     Ov Type        Size  Object(Section)

    ../clib/microlib/division.c              0x00000000   Number         0  uldiv.o ABSOLUTE
    ../clib/microlib/division.c              0x00000000   Number         0  uidiv.o ABSOLUTE
    ../clib/microlib/init/entry.s            0x00000000   Number         0  entry7b.o ABSOLUTE
    ../clib/microlib/init/entry.s            0x00000000   Number         0  entry9b.o ABSOLUTE
    ../clib/microlib/init/entry.s            0x00000000   Number         0  entry9a.o ABSOLUTE
    ../clib/microlib/init/entry.s            0x00000000   Number         0  entry8b.o ABSOLUTE
    ../clib/microlib/init/entry.s            0x00000000   Number         0  entry8a.o ABSOLUTE
    ../clib/microlib/init/entry.s            0x00000000   Number         0  entry10a.o ABSOLUTE
    ../clib/microlib/init/entry.s            0x00000000   Number         0  entry7a.o ABSOLUTE
    ../clib/microlib/init/entry.s            0x00000000   Number         0  entry10b.o ABSOLUTE
    ../clib/microlib/init/entry.s            0x00000000   Number         0  entry5.o ABSOLUTE
    ../clib/microlib/init/entry.s            0x00000000   Number         0  entry11b.o ABSOLUTE
    ../clib/microlib/init/entry.s            0x00000000   Number         0  entry12a.o ABSOLUTE
    ../clib/microlib/init/entry.s            0x00000000   Number         0  entry12b.o ABSOLUTE
    ../clib/microlib/init/entry.s            0x00000000   Number         0  entry11a.o ABSOLUTE
    ../clib/microlib/init/entry.s            0x00000000   Number         0  entry.o ABSOLUTE
    ../clib/microlib/init/entry.s            0x00000000   Number         0  entry2.o ABSOLUTE
    ../clib/microlib/longlong.c              0x00000000   Number         0  llsshr.o ABSOLUTE
    ../clib/microlib/longlong.c              0x00000000   Number         0  llushr.o ABSOLUTE
    ../clib/microlib/longlong.c              0x00000000   Number         0  llshl.o ABSOLUTE
    ../clib/microlib/printf/printf.c         0x00000000   Number         0  printf4.o ABSOLUTE
    ../clib/microlib/printf/printf.c         0x00000000   Number         0  printf3.o ABSOLUTE
    ../clib/microlib/printf/printf.c         0x00000000   Number         0  printf2.o ABSOLUTE
    ../clib/microlib/printf/printf.c         0x00000000   Number         0  printf1.o ABSOLUTE
    ../clib/microlib/printf/printf.c         0x00000000   Number         0  printf5.o ABSOLUTE
    ../clib/microlib/printf/printf.c         0x00000000   Number         0  printfb.o ABSOLUTE
    ../clib/microlib/printf/printf.c         0x00000000   Number         0  printfa.o ABSOLUTE
    ../clib/microlib/printf/printf.c         0x00000000   Number         0  printf0.o ABSOLUTE
    ../clib/microlib/printf/printf.c         0x00000000   Number         0  printf8.o ABSOLUTE
    ../clib/microlib/printf/printf.c         0x00000000   Number         0  printf7.o ABSOLUTE
    ../clib/microlib/printf/printf.c         0x00000000   Number         0  printf6.o ABSOLUTE
    ../clib/microlib/printf/stubs.s          0x00000000   Number         0  stubs.o ABSOLUTE
    ../clib/microlib/stdio/streams.c         0x00000000   Number         0  stdout.o ABSOLUTE
    ../clib/microlib/string/memcmp.c         0x00000000   Number         0  memcmp.o ABSOLUTE
    ../clib/microlib/string/memcpy.c         0x00000000   Number         0  memcpya.o ABSOLUTE
    ../clib/microlib/string/memcpy.c         0x00000000   Number         0  memcpyb.o ABSOLUTE
    ../clib/microlib/string/strcpy.c         0x00000000   Number         0  strcpy.o ABSOLUTE
    ../clib/microlib/stubs.s                 0x00000000   Number         0  iusefp.o ABSOLUTE
    ../fplib/microlib/fpadd.c                0x00000000   Number         0  dadd.o ABSOLUTE
    ../fplib/microlib/fpdiv.c                0x00000000   Number         0  ddiv.o ABSOLUTE
    ../fplib/microlib/fpepilogue.c           0x00000000   Number         0  depilogue.o ABSOLUTE
    ../fplib/microlib/fpfix.c                0x00000000   Number         0  dfixul.o ABSOLUTE
    ../fplib/microlib/fpmul.c                0x00000000   Number         0  dmul.o ABSOLUTE
    ..\..\APP\TOOL\src\crc.c                 0x00000000   Number         0  crc.o ABSOLUTE
    ..\..\APP\UPDATE\src\iap.c               0x00000000   Number         0  iap.o ABSOLUTE
    ..\..\Drivers\CMSIS\GD\GD32F4xx\Source\ARM\startup_gd32f450_470.s 0x00000000   Number         0  startup_gd32f450_470.o ABSOLUTE
    ..\..\Drivers\CMSIS\GD\GD32F4xx\Source\system_gd32f4xx.c 0x00000000   Number         0  system_gd32f4xx.o ABSOLUTE
    ..\..\Drivers\GD32F4xx_standard_peripheral\Source\gd32f4xx_dma.c 0x00000000   Number         0  gd32f4xx_dma.o ABSOLUTE
    ..\..\Drivers\GD32F4xx_standard_peripheral\Source\gd32f4xx_enet.c 0x00000000   Number         0  gd32f4xx_enet.o ABSOLUTE
    ..\..\Drivers\GD32F4xx_standard_peripheral\Source\gd32f4xx_exmc.c 0x00000000   Number         0  gd32f4xx_exmc.o ABSOLUTE
    ..\..\Drivers\GD32F4xx_standard_peripheral\Source\gd32f4xx_exti.c 0x00000000   Number         0  gd32f4xx_exti.o ABSOLUTE
    ..\..\Drivers\GD32F4xx_standard_peripheral\Source\gd32f4xx_fmc.c 0x00000000   Number         0  gd32f4xx_fmc.o ABSOLUTE
    ..\..\Drivers\GD32F4xx_standard_peripheral\Source\gd32f4xx_fwdgt.c 0x00000000   Number         0  gd32f4xx_fwdgt.o ABSOLUTE
    ..\..\Drivers\GD32F4xx_standard_peripheral\Source\gd32f4xx_gpio.c 0x00000000   Number         0  gd32f4xx_gpio.o ABSOLUTE
    ..\..\Drivers\GD32F4xx_standard_peripheral\Source\gd32f4xx_i2c.c 0x00000000   Number         0  gd32f4xx_i2c.o ABSOLUTE
    ..\..\Drivers\GD32F4xx_standard_peripheral\Source\gd32f4xx_misc.c 0x00000000   Number         0  gd32f4xx_misc.o ABSOLUTE
    ..\..\Drivers\GD32F4xx_standard_peripheral\Source\gd32f4xx_pmu.c 0x00000000   Number         0  gd32f4xx_pmu.o ABSOLUTE
    ..\..\Drivers\GD32F4xx_standard_peripheral\Source\gd32f4xx_rcu.c 0x00000000   Number         0  gd32f4xx_rcu.o ABSOLUTE
    ..\..\Drivers\GD32F4xx_standard_peripheral\Source\gd32f4xx_rtc.c 0x00000000   Number         0  gd32f4xx_rtc.o ABSOLUTE
    ..\..\Drivers\GD32F4xx_standard_peripheral\Source\gd32f4xx_sdio.c 0x00000000   Number         0  gd32f4xx_sdio.o ABSOLUTE
    ..\..\Drivers\GD32F4xx_standard_peripheral\Source\gd32f4xx_spi.c 0x00000000   Number         0  gd32f4xx_spi.o ABSOLUTE
    ..\..\Drivers\GD32F4xx_standard_peripheral\Source\gd32f4xx_syscfg.c 0x00000000   Number         0  gd32f4xx_syscfg.o ABSOLUTE
    ..\..\Drivers\GD32F4xx_standard_peripheral\Source\gd32f4xx_timer.c 0x00000000   Number         0  gd32f4xx_timer.o ABSOLUTE
    ..\..\Drivers\GD32F4xx_standard_peripheral\Source\gd32f4xx_trng.c 0x00000000   Number         0  gd32f4xx_trng.o ABSOLUTE
    ..\..\Drivers\GD32F4xx_standard_peripheral\Source\gd32f4xx_usart.c 0x00000000   Number         0  gd32f4xx_usart.o ABSOLUTE
    ..\..\Drivers\SYSTEM\delay\delay.c       0x00000000   Number         0  delay.o ABSOLUTE
    ..\..\Drivers\SYSTEM\sys\sys.c           0x00000000   Number         0  sys.o ABSOLUTE
    ..\..\Hardware\src\bsp_core_dwt.c        0x00000000   Number         0  bsp_core_dwt.o ABSOLUTE
    ..\..\Hardware\src\bsp_cpu_flash.c       0x00000000   Number         0  bsp_cpu_flash.o ABSOLUTE
    ..\..\Hardware\src\bsp_debug.c           0x00000000   Number         0  bsp_debug.o ABSOLUTE
    ..\..\Hardware\src\bsp_fwdgt.c           0x00000000   Number         0  bsp_fwdgt.o ABSOLUTE
    ..\..\Hardware\src\bsp_key.c             0x00000000   Number         0  bsp_key.o ABSOLUTE
    ..\..\Hardware\src\bsp_led.c             0x00000000   Number         0  bsp_led.o ABSOLUTE
    ..\..\Hardware\src\bsp_spi_bus.c         0x00000000   Number         0  bsp_spi_bus.o ABSOLUTE
    ..\..\Hardware\src\bsp_spi_flash.c       0x00000000   Number         0  bsp_spi_flash.o ABSOLUTE
    ..\..\Hardware\src\bsp_timers.c          0x00000000   Number         0  bsp_timers.o ABSOLUTE
    ..\..\Middlewares\malloc\malloc.c        0x00000000   Number         0  malloc.o ABSOLUTE
    ..\..\User\gd32f4xx_it.c                 0x00000000   Number         0  gd32f4xx_it.o ABSOLUTE
    ..\..\User\main.c                        0x00000000   Number         0  main.o ABSOLUTE
    ..\..\User\systick.c                     0x00000000   Number         0  systick.o ABSOLUTE
    ..\\..\\APP\\UPDATE\\src\\iap.c          0x00000000   Number         0  iap.o ABSOLUTE
    ..\\..\\Drivers\\CMSIS\\GD\\GD32F4xx\\Source\\system_gd32f4xx.c 0x00000000   Number         0  system_gd32f4xx.o ABSOLUTE
    ..\\..\\Drivers\\GD32F4xx_standard_peripheral\\Source\\gd32f4xx_dma.c 0x00000000   Number         0  gd32f4xx_dma.o ABSOLUTE
    ..\\..\\Drivers\\GD32F4xx_standard_peripheral\\Source\\gd32f4xx_enet.c 0x00000000   Number         0  gd32f4xx_enet.o ABSOLUTE
    ..\\..\\Drivers\\GD32F4xx_standard_peripheral\\Source\\gd32f4xx_exmc.c 0x00000000   Number         0  gd32f4xx_exmc.o ABSOLUTE
    ..\\..\\Drivers\\GD32F4xx_standard_peripheral\\Source\\gd32f4xx_exti.c 0x00000000   Number         0  gd32f4xx_exti.o ABSOLUTE
    ..\\..\\Drivers\\GD32F4xx_standard_peripheral\\Source\\gd32f4xx_fmc.c 0x00000000   Number         0  gd32f4xx_fmc.o ABSOLUTE
    ..\\..\\Drivers\\GD32F4xx_standard_peripheral\\Source\\gd32f4xx_fwdgt.c 0x00000000   Number         0  gd32f4xx_fwdgt.o ABSOLUTE
    ..\\..\\Drivers\\GD32F4xx_standard_peripheral\\Source\\gd32f4xx_gpio.c 0x00000000   Number         0  gd32f4xx_gpio.o ABSOLUTE
    ..\\..\\Drivers\\GD32F4xx_standard_peripheral\\Source\\gd32f4xx_i2c.c 0x00000000   Number         0  gd32f4xx_i2c.o ABSOLUTE
    ..\\..\\Drivers\\GD32F4xx_standard_peripheral\\Source\\gd32f4xx_misc.c 0x00000000   Number         0  gd32f4xx_misc.o ABSOLUTE
    ..\\..\\Drivers\\GD32F4xx_standard_peripheral\\Source\\gd32f4xx_pmu.c 0x00000000   Number         0  gd32f4xx_pmu.o ABSOLUTE
    ..\\..\\Drivers\\GD32F4xx_standard_peripheral\\Source\\gd32f4xx_rcu.c 0x00000000   Number         0  gd32f4xx_rcu.o ABSOLUTE
    ..\\..\\Drivers\\GD32F4xx_standard_peripheral\\Source\\gd32f4xx_rtc.c 0x00000000   Number         0  gd32f4xx_rtc.o ABSOLUTE
    ..\\..\\Drivers\\GD32F4xx_standard_peripheral\\Source\\gd32f4xx_sdio.c 0x00000000   Number         0  gd32f4xx_sdio.o ABSOLUTE
    ..\\..\\Drivers\\GD32F4xx_standard_peripheral\\Source\\gd32f4xx_spi.c 0x00000000   Number         0  gd32f4xx_spi.o ABSOLUTE
    ..\\..\\Drivers\\GD32F4xx_standard_peripheral\\Source\\gd32f4xx_syscfg.c 0x00000000   Number         0  gd32f4xx_syscfg.o ABSOLUTE
    ..\\..\\Drivers\\GD32F4xx_standard_peripheral\\Source\\gd32f4xx_timer.c 0x00000000   Number         0  gd32f4xx_timer.o ABSOLUTE
    ..\\..\\Drivers\\GD32F4xx_standard_peripheral\\Source\\gd32f4xx_trng.c 0x00000000   Number         0  gd32f4xx_trng.o ABSOLUTE
    ..\\..\\Drivers\\GD32F4xx_standard_peripheral\\Source\\gd32f4xx_usart.c 0x00000000   Number         0  gd32f4xx_usart.o ABSOLUTE
    ..\\..\\Drivers\\SYSTEM\\delay\\delay.c  0x00000000   Number         0  delay.o ABSOLUTE
    ..\\..\\Drivers\\SYSTEM\\sys\\sys.c      0x00000000   Number         0  sys.o ABSOLUTE
    ..\\..\\Hardware\\src\\bsp_core_dwt.c    0x00000000   Number         0  bsp_core_dwt.o ABSOLUTE
    ..\\..\\Hardware\\src\\bsp_cpu_flash.c   0x00000000   Number         0  bsp_cpu_flash.o ABSOLUTE
    ..\\..\\Hardware\\src\\bsp_debug.c       0x00000000   Number         0  bsp_debug.o ABSOLUTE
    ..\\..\\Hardware\\src\\bsp_fwdgt.c       0x00000000   Number         0  bsp_fwdgt.o ABSOLUTE
    ..\\..\\Hardware\\src\\bsp_key.c         0x00000000   Number         0  bsp_key.o ABSOLUTE
    ..\\..\\Hardware\\src\\bsp_led.c         0x00000000   Number         0  bsp_led.o ABSOLUTE
    ..\\..\\Hardware\\src\\bsp_spi_bus.c     0x00000000   Number         0  bsp_spi_bus.o ABSOLUTE
    ..\\..\\Hardware\\src\\bsp_spi_flash.c   0x00000000   Number         0  bsp_spi_flash.o ABSOLUTE
    ..\\..\\Hardware\\src\\bsp_timers.c      0x00000000   Number         0  bsp_timers.o ABSOLUTE
    ..\\..\\Middlewares\\malloc\\malloc.c    0x00000000   Number         0  malloc.o ABSOLUTE
    ..\\..\\User\\gd32f4xx_it.c              0x00000000   Number         0  gd32f4xx_it.o ABSOLUTE
    ..\\..\\User\\main.c                     0x00000000   Number         0  main.o ABSOLUTE
    ..\\..\\User\\systick.c                  0x00000000   Number         0  systick.o ABSOLUTE
    cdrcmple.s                               0x00000000   Number         0  cdrcmple.o ABSOLUTE
    dc.s                                     0x00000000   Number         0  dc.o ABSOLUTE
    handlers.s                               0x00000000   Number         0  handlers.o ABSOLUTE
    init.s                                   0x00000000   Number         0  init.o ABSOLUTE
    RESET                                    0x08000000   Section      428  startup_gd32f450_470.o(RESET)
    .ARM.Collect$$$$00000000                 0x080001ac   Section        0  entry.o(.ARM.Collect$$$$00000000)
    .ARM.Collect$$$$00000001                 0x080001ac   Section        4  entry2.o(.ARM.Collect$$$$00000001)
    .ARM.Collect$$$$00000004                 0x080001b0   Section        4  entry5.o(.ARM.Collect$$$$00000004)
    .ARM.Collect$$$$00000008                 0x080001b4   Section        0  entry7b.o(.ARM.Collect$$$$00000008)
    .ARM.Collect$$$$0000000A                 0x080001b4   Section        0  entry8b.o(.ARM.Collect$$$$0000000A)
    .ARM.Collect$$$$0000000B                 0x080001b4   Section        8  entry9a.o(.ARM.Collect$$$$0000000B)
    .ARM.Collect$$$$0000000E                 0x080001bc   Section        4  entry12b.o(.ARM.Collect$$$$0000000E)
    .ARM.Collect$$$$0000000F                 0x080001c0   Section        0  entry10a.o(.ARM.Collect$$$$0000000F)
    .ARM.Collect$$$$00000011                 0x080001c0   Section        0  entry11a.o(.ARM.Collect$$$$00000011)
    .ARM.Collect$$$$00002712                 0x080001c0   Section        4  entry2.o(.ARM.Collect$$$$00002712)
    __lit__00000000                          0x080001c0   Data           4  entry2.o(.ARM.Collect$$$$00002712)
    .text                                    0x080001c4   Section       36  startup_gd32f450_470.o(.text)
    $v0                                      0x080001c4   Number         0  startup_gd32f450_470.o(.text)
    .text                                    0x080001e8   Section        0  memcpya.o(.text)
    .text                                    0x0800020c   Section        0  memcmp.o(.text)
    .text                                    0x08000226   Section        0  strcpy.o(.text)
    .text                                    0x08000238   Section        0  uldiv.o(.text)
    .text                                    0x0800029c   Section       36  init.o(.text)
    .text                                    0x080002c0   Section        0  llshl.o(.text)
    .text                                    0x080002de   Section        0  llushr.o(.text)
    i.BusFault_Handler                       0x080002fe   Section        0  gd32f4xx_it.o(i.BusFault_Handler)
    i.DMA1_Channel2_IRQHandler               0x08000304   Section        0  bsp_spi_bus.o(i.DMA1_Channel2_IRQHandler)
    i.DMA1_Channel3_IRQHandler               0x08000350   Section        0  bsp_spi_bus.o(i.DMA1_Channel3_IRQHandler)
    i.DebugMon_Handler                       0x08000398   Section        0  gd32f4xx_it.o(i.DebugMon_Handler)
    i.DeviceRstReason                        0x0800039c   Section        0  main.o(i.DeviceRstReason)
    DeviceRstReason                          0x0800039d   Thumb Code   116  main.o(i.DeviceRstReason)
    i.Error_Handler                          0x080004d0   Section        0  sys.o(i.Error_Handler)
    i.FeedFwdgt                              0x08000518   Section        0  bsp_fwdgt.o(i.FeedFwdgt)
    i.HardFault_Handler                      0x0800051a   Section        0  gd32f4xx_it.o(i.HardFault_Handler)
    i.MemManage_Handler                      0x0800051e   Section        0  gd32f4xx_it.o(i.MemManage_Handler)
    i.NMI_Handler                            0x08000522   Section        0  gd32f4xx_it.o(i.NMI_Handler)
    i.NVIC_SetPriority                       0x08000528   Section        0  systick.o(i.NVIC_SetPriority)
    NVIC_SetPriority                         0x08000529   Thumb Code    32  systick.o(i.NVIC_SetPriority)
    i.PendSV_Handler                         0x08000550   Section        0  gd32f4xx_it.o(i.PendSV_Handler)
    i.PrintfLogo                             0x08000554   Section        0  main.o(i.PrintfLogo)
    PrintfLogo                               0x08000555   Thumb Code   170  main.o(i.PrintfLogo)
    i.SVC_Handler                            0x08000764   Section        0  gd32f4xx_it.o(i.SVC_Handler)
    i.SysTick_Handler                        0x08000768   Section        0  gd32f4xx_it.o(i.SysTick_Handler)
    i.SystemInit                             0x08000770   Section        0  system_gd32f4xx.o(i.SystemInit)
    i.TIMER1_IRQHandler                      0x080008f8   Section        0  bsp_timers.o(i.TIMER1_IRQHandler)
    i.TIMER2_IRQHandler                      0x0800091c   Section        0  bsp_timers.o(i.TIMER2_IRQHandler)
    i.TIMER3_IRQHandler                      0x08000938   Section        0  bsp_timers.o(i.TIMER3_IRQHandler)
    i.TIMER4_IRQHandler                      0x08000954   Section        0  bsp_timers.o(i.TIMER4_IRQHandler)
    i.TIMER5_DAC_IRQHandler                  0x08000970   Section        0  bsp_timers.o(i.TIMER5_DAC_IRQHandler)
    i.TIMER6_IRQHandler                      0x0800098c   Section        0  bsp_timers.o(i.TIMER6_IRQHandler)
    i.UsageFault_Handler                     0x080009a8   Section        0  gd32f4xx_it.o(i.UsageFault_Handler)
    i.__0printf$8                            0x080009ac   Section        0  printf8.o(i.__0printf$8)
    i.__scatterload_copy                     0x080009cc   Section       14  handlers.o(i.__scatterload_copy)
    i.__scatterload_null                     0x080009da   Section        2  handlers.o(i.__scatterload_null)
    i.__scatterload_zeroinit                 0x080009dc   Section       14  handlers.o(i.__scatterload_zeroinit)
    i._printf_core                           0x080009ec   Section        0  printf8.o(i._printf_core)
    _printf_core                             0x080009ed   Thumb Code   984  printf8.o(i._printf_core)
    i._printf_post_padding                   0x08000df0   Section        0  printf8.o(i._printf_post_padding)
    _printf_post_padding                     0x08000df1   Thumb Code    36  printf8.o(i._printf_post_padding)
    i._printf_pre_padding                    0x08000e14   Section        0  printf8.o(i._printf_pre_padding)
    _printf_pre_padding                      0x08000e15   Thumb Code    46  printf8.o(i._printf_pre_padding)
    i._soft_delay_                           0x08000e42   Section        0  system_gd32f4xx.o(i._soft_delay_)
    _soft_delay_                             0x08000e43   Thumb Code    28  system_gd32f4xx.o(i._soft_delay_)
    i.bsp_CmpCpuFlash                        0x08000e5e   Section        0  bsp_cpu_flash.o(i.bsp_CmpCpuFlash)
    i.bsp_GetSector                          0x08000ea4   Section        0  bsp_cpu_flash.o(i.bsp_GetSector)
    i.bsp_InitDebug                          0x08000f88   Section        0  bsp_debug.o(i.bsp_InitDebug)
    i.bsp_InitDebug_Config                   0x08000f98   Section        0  bsp_debug.o(i.bsp_InitDebug_Config)
    i.bsp_InitDebug_GPIO                     0x08000fe8   Section        0  bsp_debug.o(i.bsp_InitDebug_GPIO)
    i.bsp_InitFwdgt                          0x08001050   Section        0  bsp_fwdgt.o(i.bsp_InitFwdgt)
    i.bsp_InitLed                            0x08001054   Section        0  bsp_led.o(i.bsp_InitLed)
    i.bsp_InitSFlash                         0x080010e4   Section        0  bsp_spi_flash.o(i.bsp_InitSFlash)
    i.bsp_InitSPIBus                         0x08001118   Section        0  bsp_spi_bus.o(i.bsp_InitSPIBus)
    i.bsp_InitSPIDMA                         0x08001138   Section        0  bsp_spi_bus.o(i.bsp_InitSPIDMA)
    i.bsp_InitSPIGPIO                        0x08001214   Section        0  bsp_spi_bus.o(i.bsp_InitSPIGPIO)
    i.bsp_InitSPIParam                       0x080012a4   Section        0  bsp_spi_bus.o(i.bsp_InitSPIParam)
    i.bsp_InitTimers                         0x08001304   Section        0  bsp_timers.o(i.bsp_InitTimers)
    i.bsp_Init_DWT                           0x080014e8   Section        0  bsp_core_dwt.o(i.bsp_Init_DWT)
    i.bsp_RCC_TIM_Enable                     0x08001510   Section        0  bsp_timers.o(i.bsp_RCC_TIM_Enable)
    i.bsp_SpiBusEnter                        0x08001654   Section        0  bsp_spi_bus.o(i.bsp_SpiBusEnter)
    i.bsp_SpiBusExit                         0x08001660   Section        0  bsp_spi_bus.o(i.bsp_SpiBusExit)
    i.bsp_WriteCpuFlash                      0x0800166c   Section        0  bsp_cpu_flash.o(i.bsp_WriteCpuFlash)
    i.bsp_spiTransfer                        0x0800176c   Section        0  bsp_spi_bus.o(i.bsp_spiTransfer)
    i.delay_decrement                        0x080017f0   Section        0  systick.o(i.delay_decrement)
    i.delay_init                             0x08001808   Section        0  delay.o(i.delay_init)
    i.delay_ms                               0x08001814   Section        0  delay.o(i.delay_ms)
    i.delay_us                               0x08001828   Section        0  delay.o(i.delay_us)
    i.dma_channel_disable                    0x08001870   Section        0  gd32f4xx_dma.o(i.dma_channel_disable)
    i.dma_channel_enable                     0x08001890   Section        0  gd32f4xx_dma.o(i.dma_channel_enable)
    i.dma_channel_subperipheral_select       0x080018b0   Section        0  gd32f4xx_dma.o(i.dma_channel_subperipheral_select)
    i.dma_deinit                             0x080018d6   Section        0  gd32f4xx_dma.o(i.dma_deinit)
    i.dma_interrupt_enable                   0x0800197c   Section        0  gd32f4xx_dma.o(i.dma_interrupt_enable)
    i.dma_interrupt_flag_clear               0x080019ba   Section        0  gd32f4xx_dma.o(i.dma_interrupt_flag_clear)
    i.dma_interrupt_flag_get                 0x080019f8   Section        0  gd32f4xx_dma.o(i.dma_interrupt_flag_get)
    i.dma_single_data_mode_init              0x08001c50   Section        0  gd32f4xx_dma.o(i.dma_single_data_mode_init)
    i.dma_transfer_number_config             0x08001da8   Section        0  gd32f4xx_dma.o(i.dma_transfer_number_config)
    i.fmc_flag_clear                         0x08001db8   Section        0  gd32f4xx_fmc.o(i.fmc_flag_clear)
    i.fmc_lock                               0x08001dc4   Section        0  gd32f4xx_fmc.o(i.fmc_lock)
    i.fmc_ready_wait                         0x08001dd8   Section        0  gd32f4xx_fmc.o(i.fmc_ready_wait)
    i.fmc_sector_erase                       0x08001df8   Section        0  gd32f4xx_fmc.o(i.fmc_sector_erase)
    i.fmc_state_get                          0x08001e58   Section        0  gd32f4xx_fmc.o(i.fmc_state_get)
    i.fmc_unlock                             0x08001ea4   Section        0  gd32f4xx_fmc.o(i.fmc_unlock)
    i.fmc_word_program                       0x08001ec8   Section        0  gd32f4xx_fmc.o(i.fmc_word_program)
    i.fputc                                  0x08001f1c   Section        0  bsp_debug.o(i.fputc)
    i.gd32f4xx_firmware_version_get          0x08001f40   Section        0  system_gd32f4xx.o(i.gd32f4xx_firmware_version_get)
    i.gpio_af_set                            0x08001f48   Section        0  gd32f4xx_gpio.o(i.gpio_af_set)
    i.gpio_bit_reset                         0x08001fa6   Section        0  gd32f4xx_gpio.o(i.gpio_bit_reset)
    i.gpio_bit_set                           0x08001faa   Section        0  gd32f4xx_gpio.o(i.gpio_bit_set)
    i.gpio_input_bit_get                     0x08001fae   Section        0  gd32f4xx_gpio.o(i.gpio_input_bit_get)
    i.gpio_mode_set                          0x08001fc0   Section        0  gd32f4xx_gpio.o(i.gpio_mode_set)
    i.gpio_output_options_set                0x0800200e   Section        0  gd32f4xx_gpio.o(i.gpio_output_options_set)
    i.iap_load_app                           0x08002050   Section        0  iap.o(i.iap_load_app)
    i.iap_write_appbin                       0x080020a0   Section        0  iap.o(i.iap_write_appbin)
    i.led_all_off                            0x08002118   Section        0  bsp_led.o(i.led_all_off)
    i.led_all_on                             0x08002140   Section        0  bsp_led.o(i.led_all_on)
    i.led_show_control                       0x08002168   Section        0  main.o(i.led_show_control)
    led_show_control                         0x08002169   Thumb Code    62  main.o(i.led_show_control)
    i.main                                   0x080021ac   Section        0  main.o(i.main)
    i.mem_perused                            0x0800221c   Section        0  malloc.o(i.mem_perused)
    i.myfree                                 0x0800225c   Section        0  malloc.o(i.myfree)
    i.mymalloc                               0x08002280   Section        0  malloc.o(i.mymalloc)
    i.mymem_free                             0x080022a8   Section        0  malloc.o(i.mymem_free)
    i.mymem_init                             0x08002314   Section        0  malloc.o(i.mymem_init)
    i.mymem_malloc                           0x08002358   Section        0  malloc.o(i.mymem_malloc)
    i.mymemset                               0x08002408   Section        0  malloc.o(i.mymemset)
    i.nvic_irq_enable                        0x0800241c   Section        0  gd32f4xx_misc.o(i.nvic_irq_enable)
    i.nvic_priority_group_set                0x08002524   Section        0  gd32f4xx_misc.o(i.nvic_priority_group_set)
    i.nvic_vector_table_set                  0x08002538   Section        0  gd32f4xx_misc.o(i.nvic_vector_table_set)
    i.rcu_all_reset_flag_clear               0x08002550   Section        0  gd32f4xx_rcu.o(i.rcu_all_reset_flag_clear)
    i.rcu_clock_freq_get                     0x08002564   Section        0  gd32f4xx_rcu.o(i.rcu_clock_freq_get)
    i.rcu_flag_get                           0x08002688   Section        0  gd32f4xx_rcu.o(i.rcu_flag_get)
    i.rcu_periph_clock_enable                0x080026b0   Section        0  gd32f4xx_rcu.o(i.rcu_periph_clock_enable)
    i.rcu_periph_reset_disable               0x080026d4   Section        0  gd32f4xx_rcu.o(i.rcu_periph_reset_disable)
    i.rcu_periph_reset_enable                0x080026f8   Section        0  gd32f4xx_rcu.o(i.rcu_periph_reset_enable)
    i.rcu_timer_clock_prescaler_config       0x0800271c   Section        0  gd32f4xx_rcu.o(i.rcu_timer_clock_prescaler_config)
    i.read_boot_update_param                 0x08002740   Section        0  main.o(i.read_boot_update_param)
    read_boot_update_param                   0x08002741   Thumb Code    22  main.o(i.read_boot_update_param)
    i.sf_AutoWriteSector                     0x0800275c   Section        0  bsp_spi_flash.o(i.sf_AutoWriteSector)
    sf_AutoWriteSector                       0x0800275d   Thumb Code   268  bsp_spi_flash.o(i.sf_AutoWriteSector)
    i.sf_CmpData                             0x08002870   Section        0  bsp_spi_flash.o(i.sf_CmpData)
    sf_CmpData                               0x08002871   Thumb Code   242  bsp_spi_flash.o(i.sf_CmpData)
    i.sf_EraseSector                         0x08002974   Section        0  bsp_spi_flash.o(i.sf_EraseSector)
    i.sf_NeedErase                           0x080029e4   Section        0  bsp_spi_flash.o(i.sf_NeedErase)
    sf_NeedErase                             0x080029e5   Thumb Code    40  bsp_spi_flash.o(i.sf_NeedErase)
    i.sf_PageWrite                           0x08002a0c   Section        0  bsp_spi_flash.o(i.sf_PageWrite)
    i.sf_ReadBuffer                          0x08002c2c   Section        0  bsp_spi_flash.o(i.sf_ReadBuffer)
    i.sf_ReadID                              0x08002cf8   Section        0  bsp_spi_flash.o(i.sf_ReadID)
    i.sf_ReadInfo                            0x08002d44   Section        0  bsp_spi_flash.o(i.sf_ReadInfo)
    i.sf_SetCS                               0x08002e5c   Section        0  bsp_spi_flash.o(i.sf_SetCS)
    i.sf_WaitForWriteEnd                     0x08002e84   Section        0  bsp_spi_flash.o(i.sf_WaitForWriteEnd)
    sf_WaitForWriteEnd                       0x08002e85   Thumb Code    82  bsp_spi_flash.o(i.sf_WaitForWriteEnd)
    i.sf_WriteBuffer                         0x08002ee4   Section        0  bsp_spi_flash.o(i.sf_WriteBuffer)
    i.sf_WriteEnable                         0x08003038   Section        0  bsp_spi_flash.o(i.sf_WriteEnable)
    sf_WriteEnable                           0x08003039   Thumb Code    44  bsp_spi_flash.o(i.sf_WriteEnable)
    i.spi_dma_enable                         0x0800306c   Section        0  gd32f4xx_spi.o(i.spi_dma_enable)
    i.spi_enable                             0x08003082   Section        0  gd32f4xx_spi.o(i.spi_enable)
    i.spi_i2s_data_receive                   0x0800308c   Section        0  gd32f4xx_spi.o(i.spi_i2s_data_receive)
    i.spi_init                               0x08003094   Section        0  gd32f4xx_spi.o(i.spi_init)
    i.sys_msr_msp                            0x080030c6   Section        0  sys.o(i.sys_msr_msp)
    i.sys_nvic_set_vector_table              0x080030d0   Section        0  sys.o(i.sys_nvic_set_vector_table)
    i.system_clock_240m_25m_hxtal            0x080030e0   Section        0  system_gd32f4xx.o(i.system_clock_240m_25m_hxtal)
    system_clock_240m_25m_hxtal              0x080030e1   Thumb Code   258  system_gd32f4xx.o(i.system_clock_240m_25m_hxtal)
    i.system_clock_config                    0x080031f0   Section        0  system_gd32f4xx.o(i.system_clock_config)
    system_clock_config                      0x080031f1   Thumb Code     8  system_gd32f4xx.o(i.system_clock_config)
    i.system_setup_function                  0x080031f8   Section        0  main.o(i.system_setup_function)
    i.systick_config                         0x08003218   Section        0  systick.o(i.systick_config)
    i.timer_deinit                           0x08003268   Section        0  gd32f4xx_timer.o(i.timer_deinit)
    i.timer_enable                           0x080033ec   Section        0  gd32f4xx_timer.o(i.timer_enable)
    i.timer_init                             0x080033f8   Section        0  gd32f4xx_timer.o(i.timer_init)
    i.timer_interrupt_enable                 0x08003490   Section        0  gd32f4xx_timer.o(i.timer_interrupt_enable)
    i.timer_interrupt_flag_clear             0x08003498   Section        0  gd32f4xx_timer.o(i.timer_interrupt_flag_clear)
    i.timer_interrupt_flag_get               0x0800349e   Section        0  gd32f4xx_timer.o(i.timer_interrupt_flag_get)
    i.update_check_function                  0x080034bc   Section        0  main.o(i.update_check_function)
    update_check_function                    0x080034bd   Thumb Code   260  main.o(i.update_check_function)
    i.usart_baudrate_set                     0x08003670   Section        0  gd32f4xx_usart.o(i.usart_baudrate_set)
    i.usart_data_transmit                    0x08003758   Section        0  gd32f4xx_usart.o(i.usart_data_transmit)
    i.usart_deinit                           0x08003760   Section        0  gd32f4xx_usart.o(i.usart_deinit)
    i.usart_enable                           0x0800383c   Section        0  gd32f4xx_usart.o(i.usart_enable)
    i.usart_flag_get                         0x08003846   Section        0  gd32f4xx_usart.o(i.usart_flag_get)
    i.usart_parity_config                    0x08003866   Section        0  gd32f4xx_usart.o(i.usart_parity_config)
    i.usart_receive_config                   0x08003876   Section        0  gd32f4xx_usart.o(i.usart_receive_config)
    i.usart_stop_bit_set                     0x08003886   Section        0  gd32f4xx_usart.o(i.usart_stop_bit_set)
    i.usart_transmit_config                  0x08003896   Section        0  gd32f4xx_usart.o(i.usart_transmit_config)
    i.usart_word_length_set                  0x080038a6   Section        0  gd32f4xx_usart.o(i.usart_word_length_set)
    i.write_boot_update_param                0x080038b8   Section        0  main.o(i.write_boot_update_param)
    write_boot_update_param                  0x080038b9   Thumb Code    30  main.o(i.write_boot_update_param)
    .constdata                               0x080038f8   Section       12  malloc.o(.constdata)
    .data                                    0x20000000   Section        1  main.o(.data)
    flag                                     0x20000000   Data           1  main.o(.data)
    .data                                    0x20000004   Section        4  system_gd32f4xx.o(.data)
    .data                                    0x20000008   Section        4  systick.o(.data)
    delay                                    0x20000008   Data           4  systick.o(.data)
    .data                                    0x2000000c   Section        4  iap.o(.data)
    .data                                    0x20000010   Section        4  delay.o(.data)
    g_fac_us                                 0x20000010   Data           4  delay.o(.data)
    .data                                    0x20000014   Section       20  bsp_spi_bus.o(.data)
    s_BaudRatePrescaler                      0x20000014   Data           4  bsp_spi_bus.o(.data)
    s_CLKPolarity_Phase                      0x20000018   Data           4  bsp_spi_bus.o(.data)
    .data                                    0x20000028   Section        4  bsp_timers.o(.data)
    .data                                    0x2000002c   Section       20  malloc.o(.data)
    .data                                    0x20000040   Section        4  stdout.o(.data)
    .bss                                     0x20000044   Section      512  iap.o(.bss)
    .bss                                     0x20000244   Section     8192  bsp_spi_bus.o(.bss)
    .bss                                     0x20002244   Section     4124  bsp_spi_flash.o(.bss)
    s_spiBuf                                 0x20002260   Data        4096  bsp_spi_flash.o(.bss)
    .bss                                     0x20003260   Section    32640  malloc.o(.bss)
    STACK                                    0x2000b1e0   Section     1024  startup_gd32f450_470.o(STACK)

    Global Symbols

    Symbol Name                              Value     Ov Type        Size  Object(Section)

    BuildAttributes$$THM_ISAv4$E$P$D$K$B$S$7EM$VFPi3$EXTD16$VFPS$VFMA$PE$A:L22UL41UL21$X:L11$S22US41US21$IEEE1$IW$USESV6$~STKCKD$USESV7$~SHL$OSPACE$ROPI$EBA8$MICROLIB$REQ8$PRES8$EABIv2 0x00000000   Number         0  anon$$obj.o ABSOLUTE
    __ARM_use_no_argv                        0x00000000   Number         0  main.o ABSOLUTE
    _printf_a                                0x00000000   Number         0  stubs.o ABSOLUTE
    _printf_c                                0x00000000   Number         0  stubs.o ABSOLUTE
    _printf_charcount                        0x00000000   Number         0  stubs.o ABSOLUTE
    _printf_d                                0x00000000   Number         0  stubs.o ABSOLUTE
    _printf_e                                0x00000000   Number         0  stubs.o ABSOLUTE
    _printf_f                                0x00000000   Number         0  stubs.o ABSOLUTE
    _printf_flags                            0x00000000   Number         0  stubs.o ABSOLUTE
    _printf_fp_dec                           0x00000000   Number         0  stubs.o ABSOLUTE
    _printf_fp_hex                           0x00000000   Number         0  stubs.o ABSOLUTE
    _printf_g                                0x00000000   Number         0  stubs.o ABSOLUTE
    _printf_i                                0x00000000   Number         0  stubs.o ABSOLUTE
    _printf_int_dec                          0x00000000   Number         0  stubs.o ABSOLUTE
    _printf_l                                0x00000000   Number         0  stubs.o ABSOLUTE
    _printf_lc                               0x00000000   Number         0  stubs.o ABSOLUTE
    _printf_ll                               0x00000000   Number         0  stubs.o ABSOLUTE
    _printf_lld                              0x00000000   Number         0  stubs.o ABSOLUTE
    _printf_lli                              0x00000000   Number         0  stubs.o ABSOLUTE
    _printf_llo                              0x00000000   Number         0  stubs.o ABSOLUTE
    _printf_llu                              0x00000000   Number         0  stubs.o ABSOLUTE
    _printf_llx                              0x00000000   Number         0  stubs.o ABSOLUTE
    _printf_longlong_dec                     0x00000000   Number         0  stubs.o ABSOLUTE
    _printf_longlong_hex                     0x00000000   Number         0  stubs.o ABSOLUTE
    _printf_longlong_oct                     0x00000000   Number         0  stubs.o ABSOLUTE
    _printf_ls                               0x00000000   Number         0  stubs.o ABSOLUTE
    _printf_mbtowc                           0x00000000   Number         0  stubs.o ABSOLUTE
    _printf_n                                0x00000000   Number         0  stubs.o ABSOLUTE
    _printf_o                                0x00000000   Number         0  stubs.o ABSOLUTE
    _printf_p                                0x00000000   Number         0  stubs.o ABSOLUTE
    _printf_percent                          0x00000000   Number         0  stubs.o ABSOLUTE
    _printf_pre_padding                      0x00000000   Number         0  stubs.o ABSOLUTE
    _printf_return_value                     0x00000000   Number         0  stubs.o ABSOLUTE
    _printf_s                                0x00000000   Number         0  stubs.o ABSOLUTE
    _printf_sizespec                         0x00000000   Number         0  stubs.o ABSOLUTE
    _printf_str                              0x00000000   Number         0  stubs.o ABSOLUTE
    _printf_truncate_signed                  0x00000000   Number         0  stubs.o ABSOLUTE
    _printf_truncate_unsigned                0x00000000   Number         0  stubs.o ABSOLUTE
    _printf_u                                0x00000000   Number         0  stubs.o ABSOLUTE
    _printf_wc                               0x00000000   Number         0  stubs.o ABSOLUTE
    _printf_wctomb                           0x00000000   Number         0  stubs.o ABSOLUTE
    _printf_widthprec                        0x00000000   Number         0  stubs.o ABSOLUTE
    _printf_x                                0x00000000   Number         0  stubs.o ABSOLUTE
    __arm_fini_                               - Undefined Weak Reference
    __cpp_initialize__aeabi_                  - Undefined Weak Reference
    __cxa_finalize                            - Undefined Weak Reference
    __decompress                              - Undefined Weak Reference
    _clock_init                               - Undefined Weak Reference
    _microlib_exit                            - Undefined Weak Reference
    __Vectors_Size                           0x000001ac   Number         0  startup_gd32f450_470.o ABSOLUTE
    __Vectors                                0x08000000   Data           4  startup_gd32f450_470.o(RESET)
    __Vectors_End                            0x080001ac   Data           0  startup_gd32f450_470.o(RESET)
    __main                                   0x080001ad   Thumb Code     0  entry.o(.ARM.Collect$$$$00000000)
    _main_stk                                0x080001ad   Thumb Code     0  entry2.o(.ARM.Collect$$$$00000001)
    _main_scatterload                        0x080001b1   Thumb Code     0  entry5.o(.ARM.Collect$$$$00000004)
    __main_after_scatterload                 0x080001b5   Thumb Code     0  entry5.o(.ARM.Collect$$$$00000004)
    _main_clock                              0x080001b5   Thumb Code     0  entry7b.o(.ARM.Collect$$$$00000008)
    _main_cpp_init                           0x080001b5   Thumb Code     0  entry8b.o(.ARM.Collect$$$$0000000A)
    _main_init                               0x080001b5   Thumb Code     0  entry9a.o(.ARM.Collect$$$$0000000B)
    __rt_lib_shutdown_fini                   0x080001bd   Thumb Code     0  entry12b.o(.ARM.Collect$$$$0000000E)
    __rt_final_cpp                           0x080001c1   Thumb Code     0  entry10a.o(.ARM.Collect$$$$0000000F)
    __rt_final_exit                          0x080001c1   Thumb Code     0  entry11a.o(.ARM.Collect$$$$00000011)
    Reset_Handler                            0x080001c5   Thumb Code     8  startup_gd32f450_470.o(.text)
    ADC_IRQHandler                           0x080001df   Thumb Code     0  startup_gd32f450_470.o(.text)
    CAN0_EWMC_IRQHandler                     0x080001df   Thumb Code     0  startup_gd32f450_470.o(.text)
    CAN0_RX0_IRQHandler                      0x080001df   Thumb Code     0  startup_gd32f450_470.o(.text)
    CAN0_RX1_IRQHandler                      0x080001df   Thumb Code     0  startup_gd32f450_470.o(.text)
    CAN0_TX_IRQHandler                       0x080001df   Thumb Code     0  startup_gd32f450_470.o(.text)
    CAN1_EWMC_IRQHandler                     0x080001df   Thumb Code     0  startup_gd32f450_470.o(.text)
    CAN1_RX0_IRQHandler                      0x080001df   Thumb Code     0  startup_gd32f450_470.o(.text)
    CAN1_RX1_IRQHandler                      0x080001df   Thumb Code     0  startup_gd32f450_470.o(.text)
    CAN1_TX_IRQHandler                       0x080001df   Thumb Code     0  startup_gd32f450_470.o(.text)
    DCI_IRQHandler                           0x080001df   Thumb Code     0  startup_gd32f450_470.o(.text)
    DMA0_Channel0_IRQHandler                 0x080001df   Thumb Code     0  startup_gd32f450_470.o(.text)
    DMA0_Channel1_IRQHandler                 0x080001df   Thumb Code     0  startup_gd32f450_470.o(.text)
    DMA0_Channel2_IRQHandler                 0x080001df   Thumb Code     0  startup_gd32f450_470.o(.text)
    DMA0_Channel3_IRQHandler                 0x080001df   Thumb Code     0  startup_gd32f450_470.o(.text)
    DMA0_Channel4_IRQHandler                 0x080001df   Thumb Code     0  startup_gd32f450_470.o(.text)
    DMA0_Channel5_IRQHandler                 0x080001df   Thumb Code     0  startup_gd32f450_470.o(.text)
    DMA0_Channel6_IRQHandler                 0x080001df   Thumb Code     0  startup_gd32f450_470.o(.text)
    DMA0_Channel7_IRQHandler                 0x080001df   Thumb Code     0  startup_gd32f450_470.o(.text)
    DMA1_Channel0_IRQHandler                 0x080001df   Thumb Code     0  startup_gd32f450_470.o(.text)
    DMA1_Channel1_IRQHandler                 0x080001df   Thumb Code     0  startup_gd32f450_470.o(.text)
    DMA1_Channel4_IRQHandler                 0x080001df   Thumb Code     0  startup_gd32f450_470.o(.text)
    DMA1_Channel5_IRQHandler                 0x080001df   Thumb Code     0  startup_gd32f450_470.o(.text)
    DMA1_Channel6_IRQHandler                 0x080001df   Thumb Code     0  startup_gd32f450_470.o(.text)
    DMA1_Channel7_IRQHandler                 0x080001df   Thumb Code     0  startup_gd32f450_470.o(.text)
    ENET_IRQHandler                          0x080001df   Thumb Code     0  startup_gd32f450_470.o(.text)
    ENET_WKUP_IRQHandler                     0x080001df   Thumb Code     0  startup_gd32f450_470.o(.text)
    EXMC_IRQHandler                          0x080001df   Thumb Code     0  startup_gd32f450_470.o(.text)
    EXTI0_IRQHandler                         0x080001df   Thumb Code     0  startup_gd32f450_470.o(.text)
    EXTI10_15_IRQHandler                     0x080001df   Thumb Code     0  startup_gd32f450_470.o(.text)
    EXTI1_IRQHandler                         0x080001df   Thumb Code     0  startup_gd32f450_470.o(.text)
    EXTI2_IRQHandler                         0x080001df   Thumb Code     0  startup_gd32f450_470.o(.text)
    EXTI3_IRQHandler                         0x080001df   Thumb Code     0  startup_gd32f450_470.o(.text)
    EXTI4_IRQHandler                         0x080001df   Thumb Code     0  startup_gd32f450_470.o(.text)
    EXTI5_9_IRQHandler                       0x080001df   Thumb Code     0  startup_gd32f450_470.o(.text)
    FMC_IRQHandler                           0x080001df   Thumb Code     0  startup_gd32f450_470.o(.text)
    FPU_IRQHandler                           0x080001df   Thumb Code     0  startup_gd32f450_470.o(.text)
    I2C0_ER_IRQHandler                       0x080001df   Thumb Code     0  startup_gd32f450_470.o(.text)
    I2C0_EV_IRQHandler                       0x080001df   Thumb Code     0  startup_gd32f450_470.o(.text)
    I2C1_ER_IRQHandler                       0x080001df   Thumb Code     0  startup_gd32f450_470.o(.text)
    I2C1_EV_IRQHandler                       0x080001df   Thumb Code     0  startup_gd32f450_470.o(.text)
    I2C2_ER_IRQHandler                       0x080001df   Thumb Code     0  startup_gd32f450_470.o(.text)
    I2C2_EV_IRQHandler                       0x080001df   Thumb Code     0  startup_gd32f450_470.o(.text)
    IPA_IRQHandler                           0x080001df   Thumb Code     0  startup_gd32f450_470.o(.text)
    LVD_IRQHandler                           0x080001df   Thumb Code     0  startup_gd32f450_470.o(.text)
    RCU_CTC_IRQHandler                       0x080001df   Thumb Code     0  startup_gd32f450_470.o(.text)
    RTC_Alarm_IRQHandler                     0x080001df   Thumb Code     0  startup_gd32f450_470.o(.text)
    RTC_WKUP_IRQHandler                      0x080001df   Thumb Code     0  startup_gd32f450_470.o(.text)
    SDIO_IRQHandler                          0x080001df   Thumb Code     0  startup_gd32f450_470.o(.text)
    SPI0_IRQHandler                          0x080001df   Thumb Code     0  startup_gd32f450_470.o(.text)
    SPI1_IRQHandler                          0x080001df   Thumb Code     0  startup_gd32f450_470.o(.text)
    SPI2_IRQHandler                          0x080001df   Thumb Code     0  startup_gd32f450_470.o(.text)
    SPI3_IRQHandler                          0x080001df   Thumb Code     0  startup_gd32f450_470.o(.text)
    SPI4_IRQHandler                          0x080001df   Thumb Code     0  startup_gd32f450_470.o(.text)
    SPI5_IRQHandler                          0x080001df   Thumb Code     0  startup_gd32f450_470.o(.text)
    TAMPER_STAMP_IRQHandler                  0x080001df   Thumb Code     0  startup_gd32f450_470.o(.text)
    TIMER0_BRK_TIMER8_IRQHandler             0x080001df   Thumb Code     0  startup_gd32f450_470.o(.text)
    TIMER0_Channel_IRQHandler                0x080001df   Thumb Code     0  startup_gd32f450_470.o(.text)
    TIMER0_TRG_CMT_TIMER10_IRQHandler        0x080001df   Thumb Code     0  startup_gd32f450_470.o(.text)
    TIMER0_UP_TIMER9_IRQHandler              0x080001df   Thumb Code     0  startup_gd32f450_470.o(.text)
    TIMER7_BRK_TIMER11_IRQHandler            0x080001df   Thumb Code     0  startup_gd32f450_470.o(.text)
    TIMER7_Channel_IRQHandler                0x080001df   Thumb Code     0  startup_gd32f450_470.o(.text)
    TIMER7_TRG_CMT_TIMER13_IRQHandler        0x080001df   Thumb Code     0  startup_gd32f450_470.o(.text)
    TIMER7_UP_TIMER12_IRQHandler             0x080001df   Thumb Code     0  startup_gd32f450_470.o(.text)
    TLI_ER_IRQHandler                        0x080001df   Thumb Code     0  startup_gd32f450_470.o(.text)
    TLI_IRQHandler                           0x080001df   Thumb Code     0  startup_gd32f450_470.o(.text)
    TRNG_IRQHandler                          0x080001df   Thumb Code     0  startup_gd32f450_470.o(.text)
    UART3_IRQHandler                         0x080001df   Thumb Code     0  startup_gd32f450_470.o(.text)
    UART4_IRQHandler                         0x080001df   Thumb Code     0  startup_gd32f450_470.o(.text)
    UART6_IRQHandler                         0x080001df   Thumb Code     0  startup_gd32f450_470.o(.text)
    UART7_IRQHandler                         0x080001df   Thumb Code     0  startup_gd32f450_470.o(.text)
    USART0_IRQHandler                        0x080001df   Thumb Code     0  startup_gd32f450_470.o(.text)
    USART1_IRQHandler                        0x080001df   Thumb Code     0  startup_gd32f450_470.o(.text)
    USART2_IRQHandler                        0x080001df   Thumb Code     0  startup_gd32f450_470.o(.text)
    USART5_IRQHandler                        0x080001df   Thumb Code     0  startup_gd32f450_470.o(.text)
    USBFS_IRQHandler                         0x080001df   Thumb Code     0  startup_gd32f450_470.o(.text)
    USBFS_WKUP_IRQHandler                    0x080001df   Thumb Code     0  startup_gd32f450_470.o(.text)
    USBHS_EP1_In_IRQHandler                  0x080001df   Thumb Code     0  startup_gd32f450_470.o(.text)
    USBHS_EP1_Out_IRQHandler                 0x080001df   Thumb Code     0  startup_gd32f450_470.o(.text)
    USBHS_IRQHandler                         0x080001df   Thumb Code     0  startup_gd32f450_470.o(.text)
    USBHS_WKUP_IRQHandler                    0x080001df   Thumb Code     0  startup_gd32f450_470.o(.text)
    WWDGT_IRQHandler                         0x080001df   Thumb Code     0  startup_gd32f450_470.o(.text)
    __aeabi_memcpy                           0x080001e9   Thumb Code    36  memcpya.o(.text)
    __aeabi_memcpy4                          0x080001e9   Thumb Code     0  memcpya.o(.text)
    __aeabi_memcpy8                          0x080001e9   Thumb Code     0  memcpya.o(.text)
    memcmp                                   0x0800020d   Thumb Code    26  memcmp.o(.text)
    strcpy                                   0x08000227   Thumb Code    18  strcpy.o(.text)
    __aeabi_uldivmod                         0x08000239   Thumb Code    98  uldiv.o(.text)
    __scatterload                            0x0800029d   Thumb Code    28  init.o(.text)
    __scatterload_rt2                        0x0800029d   Thumb Code     0  init.o(.text)
    __aeabi_llsl                             0x080002c1   Thumb Code    30  llshl.o(.text)
    _ll_shift_l                              0x080002c1   Thumb Code     0  llshl.o(.text)
    __aeabi_llsr                             0x080002df   Thumb Code    32  llushr.o(.text)
    _ll_ushift_r                             0x080002df   Thumb Code     0  llushr.o(.text)
    BusFault_Handler                         0x080002ff   Thumb Code     4  gd32f4xx_it.o(i.BusFault_Handler)
    DMA1_Channel2_IRQHandler                 0x08000305   Thumb Code    68  bsp_spi_bus.o(i.DMA1_Channel2_IRQHandler)
    DMA1_Channel3_IRQHandler                 0x08000351   Thumb Code    62  bsp_spi_bus.o(i.DMA1_Channel3_IRQHandler)
    DebugMon_Handler                         0x08000399   Thumb Code     4  gd32f4xx_it.o(i.DebugMon_Handler)
    Error_Handler                            0x080004d1   Thumb Code    24  sys.o(i.Error_Handler)
    FeedFwdgt                                0x08000519   Thumb Code     2  bsp_fwdgt.o(i.FeedFwdgt)
    HardFault_Handler                        0x0800051b   Thumb Code     4  gd32f4xx_it.o(i.HardFault_Handler)
    MemManage_Handler                        0x0800051f   Thumb Code     4  gd32f4xx_it.o(i.MemManage_Handler)
    NMI_Handler                              0x08000523   Thumb Code     4  gd32f4xx_it.o(i.NMI_Handler)
    PendSV_Handler                           0x08000551   Thumb Code     4  gd32f4xx_it.o(i.PendSV_Handler)
    SVC_Handler                              0x08000765   Thumb Code     4  gd32f4xx_it.o(i.SVC_Handler)
    SysTick_Handler                          0x08000769   Thumb Code     8  gd32f4xx_it.o(i.SysTick_Handler)
    SystemInit                               0x08000771   Thumb Code   374  system_gd32f4xx.o(i.SystemInit)
    TIMER1_IRQHandler                        0x080008f9   Thumb Code    32  bsp_timers.o(i.TIMER1_IRQHandler)
    TIMER2_IRQHandler                        0x0800091d   Thumb Code    22  bsp_timers.o(i.TIMER2_IRQHandler)
    TIMER3_IRQHandler                        0x08000939   Thumb Code    22  bsp_timers.o(i.TIMER3_IRQHandler)
    TIMER4_IRQHandler                        0x08000955   Thumb Code    22  bsp_timers.o(i.TIMER4_IRQHandler)
    TIMER5_DAC_IRQHandler                    0x08000971   Thumb Code    22  bsp_timers.o(i.TIMER5_DAC_IRQHandler)
    TIMER6_IRQHandler                        0x0800098d   Thumb Code    22  bsp_timers.o(i.TIMER6_IRQHandler)
    UsageFault_Handler                       0x080009a9   Thumb Code     4  gd32f4xx_it.o(i.UsageFault_Handler)
    __0printf$8                              0x080009ad   Thumb Code    22  printf8.o(i.__0printf$8)
    __1printf$8                              0x080009ad   Thumb Code     0  printf8.o(i.__0printf$8)
    __2printf                                0x080009ad   Thumb Code     0  printf8.o(i.__0printf$8)
    __scatterload_copy                       0x080009cd   Thumb Code    14  handlers.o(i.__scatterload_copy)
    __scatterload_null                       0x080009db   Thumb Code     2  handlers.o(i.__scatterload_null)
    __scatterload_zeroinit                   0x080009dd   Thumb Code    14  handlers.o(i.__scatterload_zeroinit)
    bsp_CmpCpuFlash                          0x08000e5f   Thumb Code    68  bsp_cpu_flash.o(i.bsp_CmpCpuFlash)
    bsp_GetSector                            0x08000ea5   Thumb Code   182  bsp_cpu_flash.o(i.bsp_GetSector)
    bsp_InitDebug                            0x08000f89   Thumb Code    16  bsp_debug.o(i.bsp_InitDebug)
    bsp_InitDebug_Config                     0x08000f99   Thumb Code    74  bsp_debug.o(i.bsp_InitDebug_Config)
    bsp_InitDebug_GPIO                       0x08000fe9   Thumb Code   100  bsp_debug.o(i.bsp_InitDebug_GPIO)
    bsp_InitFwdgt                            0x08001051   Thumb Code     2  bsp_fwdgt.o(i.bsp_InitFwdgt)
    bsp_InitLed                              0x08001055   Thumb Code   136  bsp_led.o(i.bsp_InitLed)
    bsp_InitSFlash                           0x080010e5   Thumb Code    48  bsp_spi_flash.o(i.bsp_InitSFlash)
    bsp_InitSPIBus                           0x08001119   Thumb Code    26  bsp_spi_bus.o(i.bsp_InitSPIBus)
    bsp_InitSPIDMA                           0x08001139   Thumb Code   204  bsp_spi_bus.o(i.bsp_InitSPIDMA)
    bsp_InitSPIGPIO                          0x08001215   Thumb Code   138  bsp_spi_bus.o(i.bsp_InitSPIGPIO)
    bsp_InitSPIParam                         0x080012a5   Thumb Code    82  bsp_spi_bus.o(i.bsp_InitSPIParam)
    bsp_InitTimers                           0x08001305   Thumb Code   398  bsp_timers.o(i.bsp_InitTimers)
    bsp_Init_DWT                             0x080014e9   Thumb Code    30  bsp_core_dwt.o(i.bsp_Init_DWT)
    bsp_RCC_TIM_Enable                       0x08001511   Thumb Code   238  bsp_timers.o(i.bsp_RCC_TIM_Enable)
    bsp_SpiBusEnter                          0x08001655   Thumb Code     8  bsp_spi_bus.o(i.bsp_SpiBusEnter)
    bsp_SpiBusExit                           0x08001661   Thumb Code     8  bsp_spi_bus.o(i.bsp_SpiBusExit)
    bsp_WriteCpuFlash                        0x0800166d   Thumb Code   218  bsp_cpu_flash.o(i.bsp_WriteCpuFlash)
    bsp_spiTransfer                          0x0800176d   Thumb Code   116  bsp_spi_bus.o(i.bsp_spiTransfer)
    delay_decrement                          0x080017f1   Thumb Code    18  systick.o(i.delay_decrement)
    delay_init                               0x08001809   Thumb Code     6  delay.o(i.delay_init)
    delay_ms                                 0x08001815   Thumb Code    18  delay.o(i.delay_ms)
    delay_us                                 0x08001829   Thumb Code    68  delay.o(i.delay_us)
    dma_channel_disable                      0x08001871   Thumb Code    32  gd32f4xx_dma.o(i.dma_channel_disable)
    dma_channel_enable                       0x08001891   Thumb Code    32  gd32f4xx_dma.o(i.dma_channel_enable)
    dma_channel_subperipheral_select         0x080018b1   Thumb Code    38  gd32f4xx_dma.o(i.dma_channel_subperipheral_select)
    dma_deinit                               0x080018d7   Thumb Code   166  gd32f4xx_dma.o(i.dma_deinit)
    dma_interrupt_enable                     0x0800197d   Thumb Code    62  gd32f4xx_dma.o(i.dma_interrupt_enable)
    dma_interrupt_flag_clear                 0x080019bb   Thumb Code    62  gd32f4xx_dma.o(i.dma_interrupt_flag_clear)
    dma_interrupt_flag_get                   0x080019f9   Thumb Code   600  gd32f4xx_dma.o(i.dma_interrupt_flag_get)
    dma_single_data_mode_init                0x08001c51   Thumb Code   340  gd32f4xx_dma.o(i.dma_single_data_mode_init)
    dma_transfer_number_config               0x08001da9   Thumb Code    16  gd32f4xx_dma.o(i.dma_transfer_number_config)
    fmc_flag_clear                           0x08001db9   Thumb Code     6  gd32f4xx_fmc.o(i.fmc_flag_clear)
    fmc_lock                                 0x08001dc5   Thumb Code    14  gd32f4xx_fmc.o(i.fmc_lock)
    fmc_ready_wait                           0x08001dd9   Thumb Code    32  gd32f4xx_fmc.o(i.fmc_ready_wait)
    fmc_sector_erase                         0x08001df9   Thumb Code    90  gd32f4xx_fmc.o(i.fmc_sector_erase)
    fmc_state_get                            0x08001e59   Thumb Code    70  gd32f4xx_fmc.o(i.fmc_state_get)
    fmc_unlock                               0x08001ea5   Thumb Code    24  gd32f4xx_fmc.o(i.fmc_unlock)
    fmc_word_program                         0x08001ec9   Thumb Code    80  gd32f4xx_fmc.o(i.fmc_word_program)
    fputc                                    0x08001f1d   Thumb Code    32  bsp_debug.o(i.fputc)
    gd32f4xx_firmware_version_get            0x08001f41   Thumb Code     4  system_gd32f4xx.o(i.gd32f4xx_firmware_version_get)
    gpio_af_set                              0x08001f49   Thumb Code    94  gd32f4xx_gpio.o(i.gpio_af_set)
    gpio_bit_reset                           0x08001fa7   Thumb Code     4  gd32f4xx_gpio.o(i.gpio_bit_reset)
    gpio_bit_set                             0x08001fab   Thumb Code     4  gd32f4xx_gpio.o(i.gpio_bit_set)
    gpio_input_bit_get                       0x08001faf   Thumb Code    18  gd32f4xx_gpio.o(i.gpio_input_bit_get)
    gpio_mode_set                            0x08001fc1   Thumb Code    78  gd32f4xx_gpio.o(i.gpio_mode_set)
    gpio_output_options_set                  0x0800200f   Thumb Code    66  gd32f4xx_gpio.o(i.gpio_output_options_set)
    iap_load_app                             0x08002051   Thumb Code    46  iap.o(i.iap_load_app)
    iap_write_appbin                         0x080020a1   Thumb Code   116  iap.o(i.iap_write_appbin)
    led_all_off                              0x08002119   Thumb Code    32  bsp_led.o(i.led_all_off)
    led_all_on                               0x08002141   Thumb Code    32  bsp_led.o(i.led_all_on)
    main                                     0x080021ad   Thumb Code    82  main.o(i.main)
    mem_perused                              0x0800221d   Thumb Code    54  malloc.o(i.mem_perused)
    myfree                                   0x0800225d   Thumb Code    30  malloc.o(i.myfree)
    mymalloc                                 0x08002281   Thumb Code    34  malloc.o(i.mymalloc)
    mymem_free                               0x080022a9   Thumb Code    96  malloc.o(i.mymem_free)
    mymem_init                               0x08002315   Thumb Code    54  malloc.o(i.mymem_init)
    mymem_malloc                             0x08002359   Thumb Code   164  malloc.o(i.mymem_malloc)
    mymemset                                 0x08002409   Thumb Code    20  malloc.o(i.mymemset)
    nvic_irq_enable                          0x0800241d   Thumb Code   254  gd32f4xx_misc.o(i.nvic_irq_enable)
    nvic_priority_group_set                  0x08002525   Thumb Code    10  gd32f4xx_misc.o(i.nvic_priority_group_set)
    nvic_vector_table_set                    0x08002539   Thumb Code    16  gd32f4xx_misc.o(i.nvic_vector_table_set)
    rcu_all_reset_flag_clear                 0x08002551   Thumb Code    14  gd32f4xx_rcu.o(i.rcu_all_reset_flag_clear)
    rcu_clock_freq_get                       0x08002565   Thumb Code   264  gd32f4xx_rcu.o(i.rcu_clock_freq_get)
    rcu_flag_get                             0x08002689   Thumb Code    36  gd32f4xx_rcu.o(i.rcu_flag_get)
    rcu_periph_clock_enable                  0x080026b1   Thumb Code    32  gd32f4xx_rcu.o(i.rcu_periph_clock_enable)
    rcu_periph_reset_disable                 0x080026d5   Thumb Code    32  gd32f4xx_rcu.o(i.rcu_periph_reset_disable)
    rcu_periph_reset_enable                  0x080026f9   Thumb Code    32  gd32f4xx_rcu.o(i.rcu_periph_reset_enable)
    rcu_timer_clock_prescaler_config         0x0800271d   Thumb Code    32  gd32f4xx_rcu.o(i.rcu_timer_clock_prescaler_config)
    sf_EraseSector                           0x08002975   Thumb Code   104  bsp_spi_flash.o(i.sf_EraseSector)
    sf_PageWrite                             0x08002a0d   Thumb Code   528  bsp_spi_flash.o(i.sf_PageWrite)
    sf_ReadBuffer                            0x08002c2d   Thumb Code   188  bsp_spi_flash.o(i.sf_ReadBuffer)
    sf_ReadID                                0x08002cf9   Thumb Code    62  bsp_spi_flash.o(i.sf_ReadID)
    sf_ReadInfo                              0x08002d45   Thumb Code   198  bsp_spi_flash.o(i.sf_ReadInfo)
    sf_SetCS                                 0x08002e5d   Thumb Code    34  bsp_spi_flash.o(i.sf_SetCS)
    sf_WriteBuffer                           0x08002ee5   Thumb Code   334  bsp_spi_flash.o(i.sf_WriteBuffer)
    spi_dma_enable                           0x0800306d   Thumb Code    22  gd32f4xx_spi.o(i.spi_dma_enable)
    spi_enable                               0x08003083   Thumb Code    10  gd32f4xx_spi.o(i.spi_enable)
    spi_i2s_data_receive                     0x0800308d   Thumb Code     8  gd32f4xx_spi.o(i.spi_i2s_data_receive)
    spi_init                                 0x08003095   Thumb Code    50  gd32f4xx_spi.o(i.spi_init)
    sys_msr_msp                              0x080030c7   Thumb Code    10  sys.o(i.sys_msr_msp)
    sys_nvic_set_vector_table                0x080030d1   Thumb Code    12  sys.o(i.sys_nvic_set_vector_table)
    system_setup_function                    0x080031f9   Thumb Code    32  main.o(i.system_setup_function)
    systick_config                           0x08003219   Thumb Code    74  systick.o(i.systick_config)
    timer_deinit                             0x08003269   Thumb Code   374  gd32f4xx_timer.o(i.timer_deinit)
    timer_enable                             0x080033ed   Thumb Code    10  gd32f4xx_timer.o(i.timer_enable)
    timer_init                               0x080033f9   Thumb Code   122  gd32f4xx_timer.o(i.timer_init)
    timer_interrupt_enable                   0x08003491   Thumb Code     8  gd32f4xx_timer.o(i.timer_interrupt_enable)
    timer_interrupt_flag_clear               0x08003499   Thumb Code     6  gd32f4xx_timer.o(i.timer_interrupt_flag_clear)
    timer_interrupt_flag_get                 0x0800349f   Thumb Code    28  gd32f4xx_timer.o(i.timer_interrupt_flag_get)
    usart_baudrate_set                       0x08003671   Thumb Code   224  gd32f4xx_usart.o(i.usart_baudrate_set)
    usart_data_transmit                      0x08003759   Thumb Code     8  gd32f4xx_usart.o(i.usart_data_transmit)
    usart_deinit                             0x08003761   Thumb Code   210  gd32f4xx_usart.o(i.usart_deinit)
    usart_enable                             0x0800383d   Thumb Code    10  gd32f4xx_usart.o(i.usart_enable)
    usart_flag_get                           0x08003847   Thumb Code    32  gd32f4xx_usart.o(i.usart_flag_get)
    usart_parity_config                      0x08003867   Thumb Code    16  gd32f4xx_usart.o(i.usart_parity_config)
    usart_receive_config                     0x08003877   Thumb Code    16  gd32f4xx_usart.o(i.usart_receive_config)
    usart_stop_bit_set                       0x08003887   Thumb Code    16  gd32f4xx_usart.o(i.usart_stop_bit_set)
    usart_transmit_config                    0x08003897   Thumb Code    16  gd32f4xx_usart.o(i.usart_transmit_config)
    usart_word_length_set                    0x080038a7   Thumb Code    16  gd32f4xx_usart.o(i.usart_word_length_set)
    memtblsize                               0x080038f8   Data           4  malloc.o(.constdata)
    memblksize                               0x080038fc   Data           4  malloc.o(.constdata)
    memsize                                  0x08003900   Data           4  malloc.o(.constdata)
    Region$$Table$$Base                      0x08003904   Number         0  anon$$obj.o(Region$$Table)
    Region$$Table$$Limit                     0x08003924   Number         0  anon$$obj.o(Region$$Table)
    SystemCoreClock                          0x20000004   Data           4  system_gd32f4xx.o(.data)
    jump2app                                 0x2000000c   Data           4  iap.o(.data)
    g_spiLen                                 0x2000001c   Data           4  bsp_spi_bus.o(.data)
    g_spi_busy                               0x20000020   Data           1  bsp_spi_bus.o(.data)
    wTransferState                           0x20000024   Data           4  bsp_spi_bus.o(.data)
    g_iRunTime                               0x20000028   Data           4  bsp_timers.o(.data)
    mallco_dev                               0x2000002c   Data          20  malloc.o(.data)
    __stdout                                 0x20000040   Data           4  stdout.o(.data)
    iapbuf                                   0x20000044   Data         512  iap.o(.bss)
    g_spiTxBuf                               0x20000244   Data        4096  bsp_spi_bus.o(.bss)
    g_spiRxBuf                               0x20001244   Data        4096  bsp_spi_bus.o(.bss)
    g_tSF                                    0x20002244   Data          28  bsp_spi_flash.o(.bss)
    mem1base                                 0x20003260   Data       30720  malloc.o(.bss)
    mem1mapbase                              0x2000aa60   Data        1920  malloc.o(.bss)
    __initial_sp                             0x2000b5e0   Data           0  startup_gd32f450_470.o(STACK)



==============================================================================

Memory Map of the image

  Image Entry point : 0x080001ad

  Load Region LR_IROM1 (Base: 0x08000000, Size: 0x00003968, Max: 0x00100000, ABSOLUTE)

    Execution Region ER_IROM1 (Exec base: 0x08000000, Load base: 0x08000000, Size: 0x00003924, Max: 0x00100000, ABSOLUTE)

    Exec Addr    Load Addr    Size         Type   Attr      Idx    E Section Name        Object

    0x08000000   0x08000000   0x000001ac   Data   RO            3    RESET               startup_gd32f450_470.o
    0x080001ac   0x080001ac   0x00000000   Code   RO         5206  * .ARM.Collect$$$$00000000  mc_w.l(entry.o)
    0x080001ac   0x080001ac   0x00000004   Code   RO         5478    .ARM.Collect$$$$00000001  mc_w.l(entry2.o)
    0x080001b0   0x080001b0   0x00000004   Code   RO         5481    .ARM.Collect$$$$00000004  mc_w.l(entry5.o)
    0x080001b4   0x080001b4   0x00000000   Code   RO         5483    .ARM.Collect$$$$00000008  mc_w.l(entry7b.o)
    0x080001b4   0x080001b4   0x00000000   Code   RO         5485    .ARM.Collect$$$$0000000A  mc_w.l(entry8b.o)
    0x080001b4   0x080001b4   0x00000008   Code   RO         5486    .ARM.Collect$$$$0000000B  mc_w.l(entry9a.o)
    0x080001bc   0x080001bc   0x00000004   Code   RO         5493    .ARM.Collect$$$$0000000E  mc_w.l(entry12b.o)
    0x080001c0   0x080001c0   0x00000000   Code   RO         5488    .ARM.Collect$$$$0000000F  mc_w.l(entry10a.o)
    0x080001c0   0x080001c0   0x00000000   Code   RO         5490    .ARM.Collect$$$$00000011  mc_w.l(entry11a.o)
    0x080001c0   0x080001c0   0x00000004   Code   RO         5479    .ARM.Collect$$$$00002712  mc_w.l(entry2.o)
    0x080001c4   0x080001c4   0x00000024   Code   RO            4    .text               startup_gd32f450_470.o
    0x080001e8   0x080001e8   0x00000024   Code   RO         5209    .text               mc_w.l(memcpya.o)
    0x0800020c   0x0800020c   0x0000001a   Code   RO         5211    .text               mc_w.l(memcmp.o)
    0x08000226   0x08000226   0x00000012   Code   RO         5213    .text               mc_w.l(strcpy.o)
    0x08000238   0x08000238   0x00000062   Code   RO         5497    .text               mc_w.l(uldiv.o)
    0x0800029a   0x0800029a   0x00000002   PAD
    0x0800029c   0x0800029c   0x00000024   Code   RO         5510    .text               mc_w.l(init.o)
    0x080002c0   0x080002c0   0x0000001e   Code   RO         5512    .text               mc_w.l(llshl.o)
    0x080002de   0x080002de   0x00000020   Code   RO         5514    .text               mc_w.l(llushr.o)
    0x080002fe   0x080002fe   0x00000004   Code   RO          306    i.BusFault_Handler  gd32f4xx_it.o
    0x08000302   0x08000302   0x00000002   PAD
    0x08000304   0x08000304   0x0000004c   Code   RO         4769    i.DMA1_Channel2_IRQHandler  bsp_spi_bus.o
    0x08000350   0x08000350   0x00000048   Code   RO         4770    i.DMA1_Channel3_IRQHandler  bsp_spi_bus.o
    0x08000398   0x08000398   0x00000004   Code   RO          307    i.DebugMon_Handler  gd32f4xx_it.o
    0x0800039c   0x0800039c   0x00000134   Code   RO           12    i.DeviceRstReason   main.o
    0x080004d0   0x080004d0   0x00000048   Code   RO          488    i.Error_Handler     sys.o
    0x08000518   0x08000518   0x00000002   Code   RO         4737    i.FeedFwdgt         bsp_fwdgt.o
    0x0800051a   0x0800051a   0x00000004   Code   RO          308    i.HardFault_Handler  gd32f4xx_it.o
    0x0800051e   0x0800051e   0x00000004   Code   RO          309    i.MemManage_Handler  gd32f4xx_it.o
    0x08000522   0x08000522   0x00000004   Code   RO          310    i.NMI_Handler       gd32f4xx_it.o
    0x08000526   0x08000526   0x00000002   PAD
    0x08000528   0x08000528   0x00000028   Code   RO          377    i.NVIC_SetPriority  systick.o
    0x08000550   0x08000550   0x00000004   Code   RO          311    i.PendSV_Handler    gd32f4xx_it.o
    0x08000554   0x08000554   0x00000210   Code   RO           13    i.PrintfLogo        main.o
    0x08000764   0x08000764   0x00000004   Code   RO          312    i.SVC_Handler       gd32f4xx_it.o
    0x08000768   0x08000768   0x00000008   Code   RO          313    i.SysTick_Handler   gd32f4xx_it.o
    0x08000770   0x08000770   0x00000188   Code   RO          251    i.SystemInit        system_gd32f4xx.o
    0x080008f8   0x080008f8   0x00000024   Code   RO         4956    i.TIMER1_IRQHandler  bsp_timers.o
    0x0800091c   0x0800091c   0x0000001c   Code   RO         4957    i.TIMER2_IRQHandler  bsp_timers.o
    0x08000938   0x08000938   0x0000001c   Code   RO         4958    i.TIMER3_IRQHandler  bsp_timers.o
    0x08000954   0x08000954   0x0000001c   Code   RO         4959    i.TIMER4_IRQHandler  bsp_timers.o
    0x08000970   0x08000970   0x0000001c   Code   RO         4960    i.TIMER5_DAC_IRQHandler  bsp_timers.o
    0x0800098c   0x0800098c   0x0000001c   Code   RO         4961    i.TIMER6_IRQHandler  bsp_timers.o
    0x080009a8   0x080009a8   0x00000004   Code   RO          314    i.UsageFault_Handler  gd32f4xx_it.o
    0x080009ac   0x080009ac   0x00000020   Code   RO         5424    i.__0printf$8       mc_w.l(printf8.o)
    0x080009cc   0x080009cc   0x0000000e   Code   RO         5522    i.__scatterload_copy  mc_w.l(handlers.o)
    0x080009da   0x080009da   0x00000002   Code   RO         5523    i.__scatterload_null  mc_w.l(handlers.o)
    0x080009dc   0x080009dc   0x0000000e   Code   RO         5524    i.__scatterload_zeroinit  mc_w.l(handlers.o)
    0x080009ea   0x080009ea   0x00000002   PAD
    0x080009ec   0x080009ec   0x00000404   Code   RO         5431    i._printf_core      mc_w.l(printf8.o)
    0x08000df0   0x08000df0   0x00000024   Code   RO         5432    i._printf_post_padding  mc_w.l(printf8.o)
    0x08000e14   0x08000e14   0x0000002e   Code   RO         5433    i._printf_pre_padding  mc_w.l(printf8.o)
    0x08000e42   0x08000e42   0x0000001c   Code   RO          252    i._soft_delay_      system_gd32f4xx.o
    0x08000e5e   0x08000e5e   0x00000044   Code   RO         4675    i.bsp_CmpCpuFlash   bsp_cpu_flash.o
    0x08000ea2   0x08000ea2   0x00000002   PAD
    0x08000ea4   0x08000ea4   0x000000e4   Code   RO         4677    i.bsp_GetSector     bsp_cpu_flash.o
    0x08000f88   0x08000f88   0x00000010   Code   RO         5058    i.bsp_InitDebug     bsp_debug.o
    0x08000f98   0x08000f98   0x00000050   Code   RO         5059    i.bsp_InitDebug_Config  bsp_debug.o
    0x08000fe8   0x08000fe8   0x00000068   Code   RO         5060    i.bsp_InitDebug_GPIO  bsp_debug.o
    0x08001050   0x08001050   0x00000002   Code   RO         4738    i.bsp_InitFwdgt     bsp_fwdgt.o
    0x08001052   0x08001052   0x00000002   PAD
    0x08001054   0x08001054   0x00000090   Code   RO         4616    i.bsp_InitLed       bsp_led.o
    0x080010e4   0x080010e4   0x00000034   Code   RO         4856    i.bsp_InitSFlash    bsp_spi_flash.o
    0x08001118   0x08001118   0x00000020   Code   RO         4771    i.bsp_InitSPIBus    bsp_spi_bus.o
    0x08001138   0x08001138   0x000000dc   Code   RO         4772    i.bsp_InitSPIDMA    bsp_spi_bus.o
    0x08001214   0x08001214   0x00000090   Code   RO         4773    i.bsp_InitSPIGPIO   bsp_spi_bus.o
    0x080012a4   0x080012a4   0x00000060   Code   RO         4774    i.bsp_InitSPIParam  bsp_spi_bus.o
    0x08001304   0x08001304   0x000001e4   Code   RO         4962    i.bsp_InitTimers    bsp_timers.o
    0x080014e8   0x080014e8   0x00000028   Code   RO         4584    i.bsp_Init_DWT      bsp_core_dwt.o
    0x08001510   0x08001510   0x00000144   Code   RO         4964    i.bsp_RCC_TIM_Enable  bsp_timers.o
    0x08001654   0x08001654   0x0000000c   Code   RO         4776    i.bsp_SpiBusEnter   bsp_spi_bus.o
    0x08001660   0x08001660   0x0000000c   Code   RO         4777    i.bsp_SpiBusExit    bsp_spi_bus.o
    0x0800166c   0x0800166c   0x00000100   Code   RO         4679    i.bsp_WriteCpuFlash  bsp_cpu_flash.o
    0x0800176c   0x0800176c   0x00000084   Code   RO         4778    i.bsp_spiTransfer   bsp_spi_bus.o
    0x080017f0   0x080017f0   0x00000018   Code   RO          379    i.delay_decrement   systick.o
    0x08001808   0x08001808   0x0000000c   Code   RO          565    i.delay_init        delay.o
    0x08001814   0x08001814   0x00000012   Code   RO          566    i.delay_ms          delay.o
    0x08001826   0x08001826   0x00000002   PAD
    0x08001828   0x08001828   0x00000048   Code   RO          567    i.delay_us          delay.o
    0x08001870   0x08001870   0x00000020   Code   RO          604    i.dma_channel_disable  gd32f4xx_dma.o
    0x08001890   0x08001890   0x00000020   Code   RO          605    i.dma_channel_enable  gd32f4xx_dma.o
    0x080018b0   0x080018b0   0x00000026   Code   RO          606    i.dma_channel_subperipheral_select  gd32f4xx_dma.o
    0x080018d6   0x080018d6   0x000000a6   Code   RO          609    i.dma_deinit        gd32f4xx_dma.o
    0x0800197c   0x0800197c   0x0000003e   Code   RO          615    i.dma_interrupt_enable  gd32f4xx_dma.o
    0x080019ba   0x080019ba   0x0000003e   Code   RO          616    i.dma_interrupt_flag_clear  gd32f4xx_dma.o
    0x080019f8   0x080019f8   0x00000258   Code   RO          617    i.dma_interrupt_flag_get  gd32f4xx_dma.o
    0x08001c50   0x08001c50   0x00000158   Code   RO          629    i.dma_single_data_mode_init  gd32f4xx_dma.o
    0x08001da8   0x08001da8   0x00000010   Code   RO          634    i.dma_transfer_number_config  gd32f4xx_dma.o
    0x08001db8   0x08001db8   0x0000000c   Code   RO         1716    i.fmc_flag_clear    gd32f4xx_fmc.o
    0x08001dc4   0x08001dc4   0x00000014   Code   RO         1723    i.fmc_lock          gd32f4xx_fmc.o
    0x08001dd8   0x08001dd8   0x00000020   Code   RO         1726    i.fmc_ready_wait    gd32f4xx_fmc.o
    0x08001df8   0x08001df8   0x00000060   Code   RO         1727    i.fmc_sector_erase  gd32f4xx_fmc.o
    0x08001e58   0x08001e58   0x0000004c   Code   RO         1728    i.fmc_state_get     gd32f4xx_fmc.o
    0x08001ea4   0x08001ea4   0x00000024   Code   RO         1729    i.fmc_unlock        gd32f4xx_fmc.o
    0x08001ec8   0x08001ec8   0x00000054   Code   RO         1730    i.fmc_word_program  gd32f4xx_fmc.o
    0x08001f1c   0x08001f1c   0x00000024   Code   RO         5065    i.fputc             bsp_debug.o
    0x08001f40   0x08001f40   0x00000008   Code   RO          253    i.gd32f4xx_firmware_version_get  system_gd32f4xx.o
    0x08001f48   0x08001f48   0x0000005e   Code   RO         1961    i.gpio_af_set       gd32f4xx_gpio.o
    0x08001fa6   0x08001fa6   0x00000004   Code   RO         1962    i.gpio_bit_reset    gd32f4xx_gpio.o
    0x08001faa   0x08001faa   0x00000004   Code   RO         1963    i.gpio_bit_set      gd32f4xx_gpio.o
    0x08001fae   0x08001fae   0x00000012   Code   RO         1967    i.gpio_input_bit_get  gd32f4xx_gpio.o
    0x08001fc0   0x08001fc0   0x0000004e   Code   RO         1969    i.gpio_mode_set     gd32f4xx_gpio.o
    0x0800200e   0x0800200e   0x00000042   Code   RO         1971    i.gpio_output_options_set  gd32f4xx_gpio.o
    0x08002050   0x08002050   0x00000050   Code   RO          458    i.iap_load_app      iap.o
    0x080020a0   0x080020a0   0x00000078   Code   RO          459    i.iap_write_appbin  iap.o
    0x08002118   0x08002118   0x00000028   Code   RO         4617    i.led_all_off       bsp_led.o
    0x08002140   0x08002140   0x00000028   Code   RO         4618    i.led_all_on        bsp_led.o
    0x08002168   0x08002168   0x00000044   Code   RO           14    i.led_show_control  main.o
    0x080021ac   0x080021ac   0x00000070   Code   RO           15    i.main              main.o
    0x0800221c   0x0800221c   0x00000040   Code   RO         5120    i.mem_perused       malloc.o
    0x0800225c   0x0800225c   0x00000024   Code   RO         5121    i.myfree            malloc.o
    0x08002280   0x08002280   0x00000028   Code   RO         5123    i.mymalloc          malloc.o
    0x080022a8   0x080022a8   0x0000006c   Code   RO         5125    i.mymem_free        malloc.o
    0x08002314   0x08002314   0x00000044   Code   RO         5126    i.mymem_init        malloc.o
    0x08002358   0x08002358   0x000000b0   Code   RO         5127    i.mymem_malloc      malloc.o
    0x08002408   0x08002408   0x00000014   Code   RO         5129    i.mymemset          malloc.o
    0x0800241c   0x0800241c   0x00000108   Code   RO         2308    i.nvic_irq_enable   gd32f4xx_misc.o
    0x08002524   0x08002524   0x00000014   Code   RO         2309    i.nvic_priority_group_set  gd32f4xx_misc.o
    0x08002538   0x08002538   0x00000018   Code   RO         2310    i.nvic_vector_table_set  gd32f4xx_misc.o
    0x08002550   0x08002550   0x00000014   Code   RO         2509    i.rcu_all_reset_flag_clear  gd32f4xx_rcu.o
    0x08002564   0x08002564   0x00000124   Code   RO         2517    i.rcu_clock_freq_get  gd32f4xx_rcu.o
    0x08002688   0x08002688   0x00000028   Code   RO         2520    i.rcu_flag_get      gd32f4xx_rcu.o
    0x080026b0   0x080026b0   0x00000024   Code   RO         2536    i.rcu_periph_clock_enable  gd32f4xx_rcu.o
    0x080026d4   0x080026d4   0x00000024   Code   RO         2539    i.rcu_periph_reset_disable  gd32f4xx_rcu.o
    0x080026f8   0x080026f8   0x00000024   Code   RO         2540    i.rcu_periph_reset_enable  gd32f4xx_rcu.o
    0x0800271c   0x0800271c   0x00000024   Code   RO         2552    i.rcu_timer_clock_prescaler_config  gd32f4xx_rcu.o
    0x08002740   0x08002740   0x0000001c   Code   RO           16    i.read_boot_update_param  main.o
    0x0800275c   0x0800275c   0x00000114   Code   RO         4857    i.sf_AutoWriteSector  bsp_spi_flash.o
    0x08002870   0x08002870   0x00000104   Code   RO         4858    i.sf_CmpData        bsp_spi_flash.o
    0x08002974   0x08002974   0x00000070   Code   RO         4860    i.sf_EraseSector    bsp_spi_flash.o
    0x080029e4   0x080029e4   0x00000028   Code   RO         4861    i.sf_NeedErase      bsp_spi_flash.o
    0x08002a0c   0x08002a0c   0x00000220   Code   RO         4862    i.sf_PageWrite      bsp_spi_flash.o
    0x08002c2c   0x08002c2c   0x000000cc   Code   RO         4863    i.sf_ReadBuffer     bsp_spi_flash.o
    0x08002cf8   0x08002cf8   0x0000004c   Code   RO         4864    i.sf_ReadID         bsp_spi_flash.o
    0x08002d44   0x08002d44   0x00000118   Code   RO         4865    i.sf_ReadInfo       bsp_spi_flash.o
    0x08002e5c   0x08002e5c   0x00000028   Code   RO         4866    i.sf_SetCS          bsp_spi_flash.o
    0x08002e84   0x08002e84   0x00000060   Code   RO         4867    i.sf_WaitForWriteEnd  bsp_spi_flash.o
    0x08002ee4   0x08002ee4   0x00000154   Code   RO         4868    i.sf_WriteBuffer    bsp_spi_flash.o
    0x08003038   0x08003038   0x00000034   Code   RO         4869    i.sf_WriteEnable    bsp_spi_flash.o
    0x0800306c   0x0800306c   0x00000016   Code   RO         3375    i.spi_dma_enable    gd32f4xx_spi.o
    0x08003082   0x08003082   0x0000000a   Code   RO         3376    i.spi_enable        gd32f4xx_spi.o
    0x0800308c   0x0800308c   0x00000008   Code   RO         3378    i.spi_i2s_data_receive  gd32f4xx_spi.o
    0x08003094   0x08003094   0x00000032   Code   RO         3386    i.spi_init          gd32f4xx_spi.o
    0x080030c6   0x080030c6   0x0000000a   Code   RO          491    i.sys_msr_msp       sys.o
    0x080030d0   0x080030d0   0x00000010   Code   RO          492    i.sys_nvic_set_vector_table  sys.o
    0x080030e0   0x080030e0   0x00000110   Code   RO          254    i.system_clock_240m_25m_hxtal  system_gd32f4xx.o
    0x080031f0   0x080031f0   0x00000008   Code   RO          255    i.system_clock_config  system_gd32f4xx.o
    0x080031f8   0x080031f8   0x00000020   Code   RO           17    i.system_setup_function  main.o
    0x08003218   0x08003218   0x00000050   Code   RO          380    i.systick_config    systick.o
    0x08003268   0x08003268   0x00000184   Code   RO         3696    i.timer_deinit      gd32f4xx_timer.o
    0x080033ec   0x080033ec   0x0000000a   Code   RO         3701    i.timer_enable      gd32f4xx_timer.o
    0x080033f6   0x080033f6   0x00000002   PAD
    0x080033f8   0x080033f8   0x00000098   Code   RO         3711    i.timer_init        gd32f4xx_timer.o
    0x08003490   0x08003490   0x00000008   Code   RO         3718    i.timer_interrupt_enable  gd32f4xx_timer.o
    0x08003498   0x08003498   0x00000006   Code   RO         3719    i.timer_interrupt_flag_clear  gd32f4xx_timer.o
    0x0800349e   0x0800349e   0x0000001c   Code   RO         3720    i.timer_interrupt_flag_get  gd32f4xx_timer.o
    0x080034ba   0x080034ba   0x00000002   PAD
    0x080034bc   0x080034bc   0x000001b4   Code   RO           18    i.update_check_function  main.o
    0x08003670   0x08003670   0x000000e8   Code   RO         4179    i.usart_baudrate_set  gd32f4xx_usart.o
    0x08003758   0x08003758   0x00000008   Code   RO         4184    i.usart_data_transmit  gd32f4xx_usart.o
    0x08003760   0x08003760   0x000000dc   Code   RO         4185    i.usart_deinit      gd32f4xx_usart.o
    0x0800383c   0x0800383c   0x0000000a   Code   RO         4189    i.usart_enable      gd32f4xx_usart.o
    0x08003846   0x08003846   0x00000020   Code   RO         4191    i.usart_flag_get    gd32f4xx_usart.o
    0x08003866   0x08003866   0x00000010   Code   RO         4214    i.usart_parity_config  gd32f4xx_usart.o
    0x08003876   0x08003876   0x00000010   Code   RO         4216    i.usart_receive_config  gd32f4xx_usart.o
    0x08003886   0x08003886   0x00000010   Code   RO         4227    i.usart_stop_bit_set  gd32f4xx_usart.o
    0x08003896   0x08003896   0x00000010   Code   RO         4231    i.usart_transmit_config  gd32f4xx_usart.o
    0x080038a6   0x080038a6   0x00000010   Code   RO         4232    i.usart_word_length_set  gd32f4xx_usart.o
    0x080038b6   0x080038b6   0x00000002   PAD
    0x080038b8   0x080038b8   0x00000040   Code   RO           19    i.write_boot_update_param  main.o
    0x080038f8   0x080038f8   0x0000000c   Data   RO         5132    .constdata          malloc.o
    0x08003904   0x08003904   0x00000020   Data   RO         5520    Region$$Table       anon$$obj.o


    Execution Region RW_IRAM1 (Exec base: 0x20000000, Load base: 0x08003924, Size: 0x0000b5e0, Max: 0x00070000, ABSOLUTE)

    Exec Addr    Load Addr    Size         Type   Attr      Idx    E Section Name        Object

    0x20000000   0x08003924   0x00000001   Data   RW           20    .data               main.o
    0x20000001   0x08003925   0x00000003   PAD
    0x20000004   0x08003928   0x00000004   Data   RW          256    .data               system_gd32f4xx.o
    0x20000008   0x0800392c   0x00000004   Data   RW          381    .data               systick.o
    0x2000000c   0x08003930   0x00000004   Data   RW          461    .data               iap.o
    0x20000010   0x08003934   0x00000004   Data   RW          568    .data               delay.o
    0x20000014   0x08003938   0x00000014   Data   RW         4781    .data               bsp_spi_bus.o
    0x20000028   0x0800394c   0x00000004   Data   RW         4965    .data               bsp_timers.o
    0x2000002c   0x08003950   0x00000014   Data   RW         5133    .data               malloc.o
    0x20000040   0x08003964   0x00000004   Data   RW         5494    .data               mc_w.l(stdout.o)
    0x20000044        -       0x00000200   Zero   RW          460    .bss                iap.o
    0x20000244        -       0x00002000   Zero   RW         4780    .bss                bsp_spi_bus.o
    0x20002244        -       0x0000101c   Zero   RW         4870    .bss                bsp_spi_flash.o
    0x20003260        -       0x00007f80   Zero   RW         5131    .bss                malloc.o
    0x2000b1e0        -       0x00000400   Zero   RW            1    STACK               startup_gd32f450_470.o


==============================================================================

Image component sizes


      Code (inc. data)   RO Data    RW Data    ZI Data      Debug   Object Name

        40         10          0          0          0        491   bsp_core_dwt.o
       552         84          0          0          0       4870   bsp_cpu_flash.o
       236         14          0          0          0       2316   bsp_debug.o
         4          0          0          0          0       1012   bsp_fwdgt.o
       224         24          0          0          0       1549   bsp_led.o
       796         84          0         20       8192       6845   bsp_spi_bus.o
      2372        200          0          0       4124      11359   bsp_spi_flash.o
       984        206          0          4          0       5639   bsp_timers.o
       102         10          0          4          0       1963   delay.o
      1352          4          0          0          0       7227   gd32f4xx_dma.o
       356         40          0          0          0       4528   gd32f4xx_fmc.o
       264          0          0          0          0       4485   gd32f4xx_gpio.o
        40          0          0          0          0       4250   gd32f4xx_it.o
       308         28          0          0          0      29027   gd32f4xx_misc.o
       496         54          0          0          0       5561   gd32f4xx_rcu.o
        90          0          0          0          0       3152   gd32f4xx_spi.o
       592         44          0          0          0       4620   gd32f4xx_timer.o
       582         18          0          0          0       6920   gd32f4xx_usart.o
       200         38          0          4        512       2080   iap.o
      1576        802          0          1          0      86643   main.o
       512         60         12         20      32640       6354   malloc.o
        36          8        428          0       1024        936   startup_gd32f450_470.o
        98         52          0          0          0       4486   sys.o
       708         36          0          4          0       4623   system_gd32f4xx.o
       144         20          0          4          0      28522   systick.o

    ----------------------------------------------------------------------
     12680       1836        472         64      46492     239458   Object Totals
         0          0         32          0          0          0   (incl. Generated)
        16          0          0          3          0          0   (incl. Padding)

    ----------------------------------------------------------------------

      Code (inc. data)   RO Data    RW Data    ZI Data      Debug   Library Member Name

         0          0          0          0          0          0   entry.o
         0          0          0          0          0          0   entry10a.o
         0          0          0          0          0          0   entry11a.o
         4          0          0          0          0          0   entry12b.o
         8          4          0          0          0          0   entry2.o
         4          0          0          0          0          0   entry5.o
         0          0          0          0          0          0   entry7b.o
         0          0          0          0          0          0   entry8b.o
         8          4          0          0          0          0   entry9a.o
        30          0          0          0          0          0   handlers.o
        36          8          0          0          0         68   init.o
        30          0          0          0          0         68   llshl.o
        32          0          0          0          0         68   llushr.o
        26          0          0          0          0         80   memcmp.o
        36          0          0          0          0         68   memcpya.o
      1142         54          0          0          0        352   printf8.o
         0          0          0          4          0          0   stdout.o
        18          0          0          0          0         68   strcpy.o
        98          0          0          0          0         92   uldiv.o

    ----------------------------------------------------------------------
      1476         70          0          4          0        864   Library Totals
         4          0          0          0          0          0   (incl. Padding)

    ----------------------------------------------------------------------

      Code (inc. data)   RO Data    RW Data    ZI Data      Debug   Library Name

      1472         70          0          4          0        864   mc_w.l

    ----------------------------------------------------------------------
      1476         70          0          4          0        864   Library Totals

    ----------------------------------------------------------------------

==============================================================================


      Code (inc. data)   RO Data    RW Data    ZI Data      Debug   

     14156       1906        472         68      46492     227210   Grand Totals
     14156       1906        472         68      46492     227210   ELF Image Totals
     14156       1906        472         68          0          0   ROM Totals

==============================================================================

    Total RO  Size (Code + RO Data)                14628 (  14.29kB)
    Total RW  Size (RW Data + ZI Data)             46560 (  45.47kB)
    Total ROM Size (Code + RO Data + RW Data)      14696 (  14.35kB)

==============================================================================

